Archive member included to satisfy reference by file (symbol)

c:/program files (x86)/gnu tools arm embedded/5.4 2016q3/bin/../lib/gcc/arm-none-eabi/5.4.1/armv7e-m\libgcc.a(_arm_addsubdf3.o)
                              ..\obj\tm_stm32f4_fatfs.o (__aeabi_ui2d)
c:/program files (x86)/gnu tools arm embedded/5.4 2016q3/bin/../lib/gcc/arm-none-eabi/5.4.1/armv7e-m\libgcc.a(_arm_muldivdf3.o)
                              ..\obj\tm_stm32f4_fatfs.o (__aeabi_dmul)
c:/program files (x86)/gnu tools arm embedded/5.4 2016q3/bin/../lib/gcc/arm-none-eabi/5.4.1/armv7e-m\libgcc.a(_arm_fixunsdfsi.o)
                              ..\obj\tm_stm32f4_fatfs.o (__aeabi_d2uiz)
c:/program files (x86)/gnu tools arm embedded/5.4 2016q3/bin/../lib/gcc/arm-none-eabi/5.4.1/armv7e-m\libgcc.a(_arm_truncdfsf2.o)
                              ..\obj\GPS_parsing.o (__aeabi_d2f)
c:/program files (x86)/gnu tools arm embedded/5.4 2016q3/bin/../lib/gcc/arm-none-eabi/5.4.1/../../../../arm-none-eabi/lib/armv7e-m\libg.a(lib_a-atof.o)
                              ..\obj\GPS_parsing.o (atof)
c:/program files (x86)/gnu tools arm embedded/5.4 2016q3/bin/../lib/gcc/arm-none-eabi/5.4.1/../../../../arm-none-eabi/lib/armv7e-m\libg.a(lib_a-atol.o)
                              ..\obj\GPS_parsing.o (atol)
c:/program files (x86)/gnu tools arm embedded/5.4 2016q3/bin/../lib/gcc/arm-none-eabi/5.4.1/../../../../arm-none-eabi/lib/armv7e-m\libg.a(lib_a-malloc.o)
                              ..\obj\tm_stm32f4_fatfs.o (malloc)
c:/program files (x86)/gnu tools arm embedded/5.4 2016q3/bin/../lib/gcc/arm-none-eabi/5.4.1/../../../../arm-none-eabi/lib/armv7e-m\libg.a(lib_a-mallocr.o)
                              c:/program files (x86)/gnu tools arm embedded/5.4 2016q3/bin/../lib/gcc/arm-none-eabi/5.4.1/../../../../arm-none-eabi/lib/armv7e-m\libg.a(lib_a-malloc.o) (_malloc_r)
c:/program files (x86)/gnu tools arm embedded/5.4 2016q3/bin/../lib/gcc/arm-none-eabi/5.4.1/../../../../arm-none-eabi/lib/armv7e-m\libg.a(lib_a-memcpy.o)
                              ..\obj\queue.o (memcpy)
c:/program files (x86)/gnu tools arm embedded/5.4 2016q3/bin/../lib/gcc/arm-none-eabi/5.4.1/../../../../arm-none-eabi/lib/armv7e-m\libg.a(lib_a-memset.o)
                              ..\obj\tasks.o (memset)
c:/program files (x86)/gnu tools arm embedded/5.4 2016q3/bin/../lib/gcc/arm-none-eabi/5.4.1/../../../../arm-none-eabi/lib/armv7e-m\libg.a(lib_a-mlock.o)
                              c:/program files (x86)/gnu tools arm embedded/5.4 2016q3/bin/../lib/gcc/arm-none-eabi/5.4.1/../../../../arm-none-eabi/lib/armv7e-m\libg.a(lib_a-mallocr.o) (__malloc_lock)
c:/program files (x86)/gnu tools arm embedded/5.4 2016q3/bin/../lib/gcc/arm-none-eabi/5.4.1/../../../../arm-none-eabi/lib/armv7e-m\libg.a(lib_a-sbrkr.o)
                              c:/program files (x86)/gnu tools arm embedded/5.4 2016q3/bin/../lib/gcc/arm-none-eabi/5.4.1/../../../../arm-none-eabi/lib/armv7e-m\libg.a(lib_a-mallocr.o) (_sbrk_r)
c:/program files (x86)/gnu tools arm embedded/5.4 2016q3/bin/../lib/gcc/arm-none-eabi/5.4.1/../../../../arm-none-eabi/lib/armv7e-m\libg.a(lib_a-sprintf.o)
                              ..\obj\tm_stm32f4_fatfs.o (sprintf)
c:/program files (x86)/gnu tools arm embedded/5.4 2016q3/bin/../lib/gcc/arm-none-eabi/5.4.1/../../../../arm-none-eabi/lib/armv7e-m\libg.a(lib_a-strchr.o)
                              ..\obj\GPS_parsing.o (strchr)
c:/program files (x86)/gnu tools arm embedded/5.4 2016q3/bin/../lib/gcc/arm-none-eabi/5.4.1/../../../../arm-none-eabi/lib/armv7e-m\libg.a(lib_a-strcpy.o)
                              ..\obj\tm_stm32f4_fatfs.o (strcpy)
c:/program files (x86)/gnu tools arm embedded/5.4 2016q3/bin/../lib/gcc/arm-none-eabi/5.4.1/../../../../arm-none-eabi/lib/armv7e-m\libg.a(lib_a-strlen.o)
                              ..\obj\tm_stm32f4_fatfs.o (strlen)
c:/program files (x86)/gnu tools arm embedded/5.4 2016q3/bin/../lib/gcc/arm-none-eabi/5.4.1/../../../../arm-none-eabi/lib/armv7e-m\libg.a(lib_a-strncpy.o)
                              ..\obj\GPS_parsing.o (strncpy)
c:/program files (x86)/gnu tools arm embedded/5.4 2016q3/bin/../lib/gcc/arm-none-eabi/5.4.1/../../../../arm-none-eabi/lib/armv7e-m\libg.a(lib_a-strstr.o)
                              ..\obj\GPS_parsing.o (strstr)
c:/program files (x86)/gnu tools arm embedded/5.4 2016q3/bin/../lib/gcc/arm-none-eabi/5.4.1/../../../../arm-none-eabi/lib/armv7e-m\libg.a(lib_a-strtod.o)
                              c:/program files (x86)/gnu tools arm embedded/5.4 2016q3/bin/../lib/gcc/arm-none-eabi/5.4.1/../../../../arm-none-eabi/lib/armv7e-m\libg.a(lib_a-atof.o) (strtod)
c:/program files (x86)/gnu tools arm embedded/5.4 2016q3/bin/../lib/gcc/arm-none-eabi/5.4.1/../../../../arm-none-eabi/lib/armv7e-m\libg.a(lib_a-strtol.o)
                              c:/program files (x86)/gnu tools arm embedded/5.4 2016q3/bin/../lib/gcc/arm-none-eabi/5.4.1/../../../../arm-none-eabi/lib/armv7e-m\libg.a(lib_a-atol.o) (_strtol_r)
[...]
Memory Configuration

Name             Origin             Length             Attributes
rom              0x08000000         0x00100000         xr
ram              0x20000000         0x00020000         xrw
ram1             0x10000000         0x00010000         xrw
*default*        0x00000000         0xffffffff

Linker script and memory map

                0x20020000                _eram = 0x20020000

.text           0x08000000     0xbc21
 *(.isr_vector .isr_vector.*)
 .isr_vector    0x08000000      0x188 ..\obj\startup_stm32f4xx.o
                0x08000000                g_pfnVectors
 *(.text .text.* .gnu.linkonce.t.*)
 .text.ff_convert
                0x08000188       0x78 ..\obj\unicode.o
                0x08000188                ff_convert
 .text.ff_wtoupper
                0x08000200       0x5c ..\obj\unicode.o
                0x08000200                ff_wtoupper
 .text.USART_Init
                0x0800025c      0x174 ..\obj\stm32f4xx_usart.o
                0x0800025c                USART_Init
 .text.USART_Cmd
                0x080003d0       0x40 ..\obj\stm32f4xx_usart.o
                0x080003d0                USART_Cmd
 .text.USART_SendData
                0x08000410       0x24 ..\obj\stm32f4xx_usart.o
                0x08000410                USART_SendData
 .text.USART_ReceiveData
                0x08000434       0x20 ..\obj\stm32f4xx_usart.o
                0x08000434                USART_ReceiveData
 .text.USART_GetFlagStatus
                0x08000454       0x38 ..\obj\stm32f4xx_usart.o
                0x08000454                USART_GetFlagStatus
 .text.disk_initialize
                0x0800048c       0x44 ..\obj\diskio.o
                0x0800048c                disk_initialize
 .text.disk_status
                0x080004d0       0x48 ..\obj\diskio.o
                0x080004d0                disk_status
 .text.disk_read
                0x08000518       0x5c ..\obj\diskio.o
                0x08000518                disk_read
 .text.disk_write
                0x08000574       0x5c ..\obj\diskio.o
                0x08000574                disk_write
 .text.disk_ioctl
                0x080005d0       0x54 ..\obj\diskio.o
                0x080005d0                disk_ioctl
 .text.get_fattime
                0x08000624       0x14 ..\obj\diskio.o
                0x08000624                get_fattime
 .text.TM_FATFS_SD_SDIO_disk_initialize
                0x08000638       0x10 ..\obj\diskio.o
                0x08000638                TM_FATFS_SD_SDIO_disk_initialize
 .text.TM_FATFS_USB_disk_initialize
                0x08000648       0x10 ..\obj\diskio.o
                0x08000648                TM_FATFS_USB_disk_initialize
 .text.TM_FATFS_SDRAM_disk_initialize
                0x08000658       0x10 ..\obj\diskio.o
                0x08000658                TM_FATFS_SDRAM_disk_initialize
 .text.TM_FATFS_SPI_FLASH_disk_initialize
                0x08000668       0x10 ..\obj\diskio.o
                0x08000668                TM_FATFS_SPI_FLASH_disk_initialize
 .text.TM_FATFS_SD_SDIO_disk_status
                0x08000678       0x10 ..\obj\diskio.o
                0x08000678                TM_FATFS_SD_SDIO_disk_status
 .text.TM_FATFS_USB_disk_status
                0x08000688       0x10 ..\obj\diskio.o
                0x08000688                TM_FATFS_USB_disk_status
 .text.TM_FATFS_SDRAM_disk_status
                0x08000698       0x10 ..\obj\diskio.o
                0x08000698                TM_FATFS_SDRAM_disk_status
 .text.TM_FATFS_SPI_FLASH_disk_status
                0x080006a8       0x10 ..\obj\diskio.o
                0x080006a8                TM_FATFS_SPI_FLASH_disk_status
 .text.TM_FATFS_SD_SDIO_disk_ioctl
                0x080006b8       0x1c ..\obj\diskio.o
                0x080006b8                TM_FATFS_SD_SDIO_disk_ioctl
 .text.TM_FATFS_USB_disk_ioctl
                0x080006d4       0x1c ..\obj\diskio.o
                0x080006d4                TM_FATFS_USB_disk_ioctl
 .text.TM_FATFS_SDRAM_disk_ioctl
                0x080006f0       0x1c ..\obj\diskio.o
                0x080006f0                TM_FATFS_SDRAM_disk_ioctl
 .text.TM_FATFS_SPI_FLASH_disk_ioctl
                0x0800070c       0x1c ..\obj\diskio.o
                0x0800070c                TM_FATFS_SPI_FLASH_disk_ioctl
 .text.TM_FATFS_SD_SDIO_disk_read
                0x08000728       0x1c ..\obj\diskio.o
                0x08000728                TM_FATFS_SD_SDIO_disk_read
 .text.TM_FATFS_USB_disk_read
                0x08000744       0x1c ..\obj\diskio.o
                0x08000744                TM_FATFS_USB_disk_read
 .text.TM_FATFS_SDRAM_disk_read
                0x08000760       0x1c ..\obj\diskio.o
                0x08000760                TM_FATFS_SDRAM_disk_read
 .text.TM_FATFS_SPI_FLASH_disk_read
                0x0800077c       0x1c ..\obj\diskio.o
                0x0800077c                TM_FATFS_SPI_FLASH_disk_read
 .text.TM_FATFS_SD_SDIO_disk_write
                0x08000798       0x1c ..\obj\diskio.o
                0x08000798                TM_FATFS_SD_SDIO_disk_write
 .text.TM_FATFS_USB_disk_write
                0x080007b4       0x1c ..\obj\diskio.o
                0x080007b4                TM_FATFS_USB_disk_write
 .text.TM_FATFS_SDRAM_disk_write
                0x080007d0       0x1c ..\obj\diskio.o
                0x080007d0                TM_FATFS_SDRAM_disk_write
 .text.TM_FATFS_SPI_FLASH_disk_write
                0x080007ec       0x1c ..\obj\diskio.o
                0x080007ec                TM_FATFS_SPI_FLASH_disk_write
 .text.Default_Reset_Handler
                0x08000808       0x70 ..\obj\startup_stm32f4xx.o
                0x08000808                Default_Reset_Handler
                0x08000808                Reset_Handler
 .text.Default_Handler
                0x08000878        0x8 ..\obj\startup_stm32f4xx.o
                0x08000878                RTC_Alarm_IRQHandler
                0x08000878                HASH_RNG_IRQHandler
                0x08000878                EXTI2_IRQHandler
                0x08000878                TIM8_CC_IRQHandler
                0x08000878                DebugMon_Handler
                0x08000878                TIM1_CC_IRQHandler
                0x08000878                DMA2_Stream5_IRQHandler
                0x08000878                HardFault_Handler
                0x08000878                DMA1_Stream5_IRQHandler
                0x08000878                PVD_IRQHandler
                0x08000878                SDIO_IRQHandler
                0x08000878                TAMP_STAMP_IRQHandler
                0x08000878                NMI_Handler
                0x08000878                CAN2_RX1_IRQHandler
                0x08000878                EXTI3_IRQHandler
                0x08000878                TIM8_TRG_COM_TIM14_IRQHandler
                0x08000878                TIM1_UP_TIM10_IRQHandler
                0x08000878                TIM8_UP_TIM13_IRQHandler
                0x08000878                I2C3_ER_IRQHandler
                0x08000878                EXTI0_IRQHandler
                0x08000878                I2C2_EV_IRQHandler
                0x08000878                DMA1_Stream2_IRQHandler
                0x08000878                CAN1_RX0_IRQHandler
                0x08000878                FPU_IRQHandler
                0x08000878                OTG_HS_WKUP_IRQHandler
                0x08000878                UsageFault_Handler
                0x08000878                CAN2_SCE_IRQHandler
                0x08000878                DMA2_Stream2_IRQHandler
                0x08000878                SPI1_IRQHandler
                0x08000878                TIM6_DAC_IRQHandler
                0x08000878                TIM1_BRK_TIM9_IRQHandler
                0x08000878                DCMI_IRQHandler
                0x08000878                CAN2_RX0_IRQHandler
                0x08000878                DMA2_Stream3_IRQHandler
                0x08000878                USART6_IRQHandler
                0x08000878                USART3_IRQHandler
                0x08000878                CRYP_IRQHandler
                0x08000878                CAN1_RX1_IRQHandler
                0x08000878                UART5_IRQHandler
                0x08000878                DMA2_Stream0_IRQHandler
                0x08000878                TIM4_IRQHandler
                0x08000878                I2C1_EV_IRQHandler
                0x08000878                DMA1_Stream6_IRQHandler
                0x08000878                DMA1_Stream1_IRQHandler
                0x08000878                UART4_IRQHandler
                0x08000878                TIM3_IRQHandler
                0x08000878                RCC_IRQHandler
                0x08000878                TIM8_BRK_TIM12_IRQHandler
                0x08000878                EXTI15_10_IRQHandler
                0x08000878                ADC_IRQHandler
                0x08000878                DMA1_Stream7_IRQHandler
                0x08000878                TIM7_IRQHandler
                0x08000878                CAN2_TX_IRQHandler
                0x08000878                TIM5_IRQHandler
                0x08000878                DMA2_Stream7_IRQHandler
                0x08000878                I2C3_EV_IRQHandler
                0x08000878                EXTI9_5_IRQHandler
                0x08000878                RTC_WKUP_IRQHandler
                0x08000878                ETH_WKUP_IRQHandler
                0x08000878                SPI2_IRQHandler
                0x08000878                OTG_HS_EP1_IN_IRQHandler
                0x08000878                MemManage_Handler
                0x08000878                DMA1_Stream0_IRQHandler
                0x08000878                CAN1_TX_IRQHandler
                0x08000878                EXTI4_IRQHandler
                0x08000878                FSMC_IRQHandler
                0x08000878                ETH_IRQHandler
                0x08000878                OTG_HS_EP1_OUT_IRQHandler
                0x08000878                WWDG_IRQHandler
                0x08000878                TIM2_IRQHandler
                0x08000878                OTG_FS_WKUP_IRQHandler
                0x08000878                TIM1_TRG_COM_TIM11_IRQHandler
                0x08000878                OTG_HS_IRQHandler
                0x08000878                EXTI1_IRQHandler
                0x08000878                USART2_IRQHandler
                0x08000878                I2C2_ER_IRQHandler
                0x08000878                DMA2_Stream1_IRQHandler
                0x08000878                CAN1_SCE_IRQHandler
                0x08000878                FLASH_IRQHandler
                0x08000878                DMA2_Stream4_IRQHandler
                0x08000878                BusFault_Handler
                0x08000878                USART1_IRQHandler
                0x08000878                OTG_FS_IRQHandler
                0x08000878                SPI3_IRQHandler
                0x08000878                DMA1_Stream4_IRQHandler
                0x08000878                I2C1_ER_IRQHandler
                0x08000878                DMA2_Stream6_IRQHandler
                0x08000878                DMA1_Stream3_IRQHandler
 .text.Delay    0x08000880       0x5c ..\obj\main.o
 .text.TM_SPI_Send
                0x080008dc       0x78 ..\obj\main.o
 .text.delay_unit
                0x08000954       0x34 ..\obj\main.o
                0x08000954                delay_unit
 .text.myCAMSaveToSDFile
                0x08000988      0x114 ..\obj\main.o
                0x08000988                myCAMSaveToSDFile
 .text.open_append
                0x08000a9c       0x44 ..\obj\main.o
                0x08000a9c                open_append
 .text.vTaskBluetooth
                0x08000ae0       0x3c ..\obj\main.o
                0x08000ae0                vTaskBluetooth
 .text.vTaskEmergency
                0x08000b1c       0x28 ..\obj\main.o
                0x08000b1c                vTaskEmergency
 .text.vTaskGPSwake
                0x08000b44       0x78 ..\obj\main.o
                0x08000b44                vTaskGPSwake
 .text.vTaskGPSreceive
                0x08000bbc       0xec ..\obj\main.o
                0x08000bbc                vTaskGPSreceive
 .text.vTaskReadWeightSensorData
                0x08000ca8       0x60 ..\obj\main.o
                0x08000ca8                vTaskReadWeightSensorData
 .text.vTaskArducamCapture
                0x08000d08       0x74 ..\obj\main.o
                0x08000d08                vTaskArducamCapture
 .text.vTaskReadAccelerometer
                0x08000d7c       0x4c ..\obj\main.o
                0x08000d7c                vTaskReadAccelerometer
 .text.main     0x08000dc8      0x23c ..\obj\main.o
                0x08000dc8                main
 .text.Bluetooth_init
                0x08001004       0x8c ..\obj\Bluetooth.o
                0x08001004                Bluetooth_init
 .text.Bluetooth_send_data
                0x08001090       0x44 ..\obj\Bluetooth.o
                0x08001090                Bluetooth_send_data
 .text.RCC_GetClocksFreq
                0x080010d4      0x154 ..\obj\stm32f4xx_rcc.o
                0x080010d4                RCC_GetClocksFreq
 .text.RCC_AHB1PeriphClockCmd
                0x08001228       0x40 ..\obj\stm32f4xx_rcc.o
                0x08001228                RCC_AHB1PeriphClockCmd
 .text.RCC_APB1PeriphClockCmd
                0x08001268       0x40 ..\obj\stm32f4xx_rcc.o
                0x08001268                RCC_APB1PeriphClockCmd
 .text.xTimerCreateTimerTask
                0x080012a8       0x58 ..\obj\timers.o
                0x080012a8                xTimerCreateTimerTask
 .text.xTimerGenericCommand
                0x08001300       0x80 ..\obj\timers.o
                0x08001300                xTimerGenericCommand
 .text.prvProcessExpiredTimer
                0x08001380       0x70 ..\obj\timers.o
 .text.prvTimerTask
                0x080013f0       0x24 ..\obj\timers.o
 .text.prvProcessTimerOrBlockTask
                0x08001414       0x6c ..\obj\timers.o
 .text.prvGetNextExpireTime
                0x08001480       0x48 ..\obj\timers.o
 .text.prvSampleTimeNow
                0x080014c8       0x40 ..\obj\timers.o
 .text.prvInsertTimerInActiveList
                0x08001508       0x84 ..\obj\timers.o
 .text.prvProcessReceivedCommands
                0x0800158c       0xec ..\obj\timers.o
 .text.prvSwitchTimerLists
                0x08001678       0xb4 ..\obj\timers.o
 .text.prvCheckForValidListAndQueue
                0x0800172c       0x7c ..\obj\timers.o
 .text.modules_init
                0x080017a8       0x18 ..\obj\init.o
                0x080017a8                modules_init
 .text.ADC_RegularChannelConfig
                0x080017c0      0x194 ..\obj\stm32f4xx_adc.o
                0x080017c0                ADC_RegularChannelConfig
 .text.ADC_GetConversionValue
                0x08001954       0x1c ..\obj\stm32f4xx_adc.o
                0x08001954                ADC_GetConversionValue
 .text.Pi_comm_init
                0x08001970       0xb8 ..\obj\Pi_comm.o
                0x08001970                Pi_comm_init
 .text.Pi_sendBuf
                0x08001a28       0x40 ..\obj\Pi_comm.o
                0x08001a28                Pi_sendBuf
 .text.Pi_AggressiveDetected
                0x08001a68       0x2c ..\obj\Pi_comm.o
                0x08001a68                Pi_AggressiveDetected
 .text.Pi_PassengerDetected
                0x08001a94       0x2c ..\obj\Pi_comm.o
                0x08001a94                Pi_PassengerDetected
 .text.Pi_SendGPS
                0x08001ac0       0x5c ..\obj\Pi_comm.o
                0x08001ac0                Pi_SendGPS
 .text.GPS_init
                0x08001b1c       0x8c ..\obj\GPS_parsing.o
                0x08001b1c                GPS_init
 .text.GPS_get_rawdata
                0x08001ba8       0x50 ..\obj\GPS_parsing.o
                0x08001ba8                GPS_get_rawdata
 .text.GPS_parsing
                0x08001bf8      0x560 ..\obj\GPS_parsing.o
                0x08001bf8                GPS_parsing
 .text.NVIC_SetPriority
                0x08002158       0x54 ..\obj\tm_stm32f4_delay.o
 .text.SysTick_Config
                0x080021ac       0x44 ..\obj\tm_stm32f4_delay.o
 .text.SysTick_Handler
                0x080021f0      0x108 ..\obj\tm_stm32f4_delay.o
                0x080021f0                SysTick_Handler
 .text.TM_DELAY_Init
                0x080022f8       0x50 ..\obj\tm_stm32f4_delay.o
                0x080022f8                TM_DELAY_Init
 .text.xTaskGenericCreate
                0x08002348      0x168 ..\obj\tasks.o
                0x08002348                xTaskGenericCreate
 .text.vTaskDelayUntil
                0x080024b0       0xc4 ..\obj\tasks.o
                0x080024b0                vTaskDelayUntil
 .text.vTaskStartScheduler
                0x08002574       0x70 ..\obj\tasks.o
                0x08002574                vTaskStartScheduler
 .text.vTaskSuspendAll
                0x080025e4       0x1c ..\obj\tasks.o
                0x080025e4                vTaskSuspendAll
 .text.xTaskResumeAll
                0x08002600      0x10c ..\obj\tasks.o
                0x08002600                xTaskResumeAll
 .text.xTaskGetTickCount
                0x0800270c       0x24 ..\obj\tasks.o
                0x0800270c                xTaskGetTickCount
 .text.xTaskIncrementTick
                0x08002730      0x170 ..\obj\tasks.o
                0x08002730                xTaskIncrementTick
 .text.vTaskSwitchContext
                0x080028a0       0xa4 ..\obj\tasks.o
                0x080028a0                vTaskSwitchContext
 .text.vTaskPlaceOnEventList
                0x08002944       0x6c ..\obj\tasks.o
                0x08002944                vTaskPlaceOnEventList
 .text.vTaskPlaceOnEventListRestricted
                0x080029b0       0x50 ..\obj\tasks.o
                0x080029b0                vTaskPlaceOnEventListRestricted
 .text.xTaskRemoveFromEventList
                0x08002a00       0xb8 ..\obj\tasks.o
                0x08002a00                xTaskRemoveFromEventList
 .text.vTaskSetTimeOutState
                0x08002ab8       0x34 ..\obj\tasks.o
                0x08002ab8                vTaskSetTimeOutState
 .text.xTaskCheckForTimeOut
                0x08002aec       0xa0 ..\obj\tasks.o
                0x08002aec                xTaskCheckForTimeOut
 .text.vTaskMissedYield
                0x08002b8c       0x18 ..\obj\tasks.o
                0x08002b8c                vTaskMissedYield
 .text.prvIdleTask
                0x08002ba4       0x20 ..\obj\tasks.o
 .text.prvInitialiseTCBVariables
                0x08002bc4       0x94 ..\obj\tasks.o
 .text.prvInitialiseTaskLists
                0x08002c58       0x80 ..\obj\tasks.o
 .text.prvCheckTasksWaitingTermination
                0x08002cd8       0x78 ..\obj\tasks.o
 .text.prvAddCurrentTaskToDelayedList
                0x08002d50       0x6c ..\obj\tasks.o
 .text.prvAllocateTCBAndStack
                0x08002dbc       0x64 ..\obj\tasks.o
 .text.prvDeleteTCB
                0x08002e20       0x20 ..\obj\tasks.o
 .text.prvResetNextTaskUnblockTime
                0x08002e40       0x4c ..\obj\tasks.o
 .text.xTaskGetCurrentTaskHandle
                0x08002e8c       0x20 ..\obj\tasks.o
                0x08002e8c                xTaskGetCurrentTaskHandle
 .text.xTaskGetSchedulerState
                0x08002eac       0x3c ..\obj\tasks.o
                0x08002eac                xTaskGetSchedulerState
 .text.vTaskPriorityInherit
                0x08002ee8       0xbc ..\obj\tasks.o
                0x08002ee8                vTaskPriorityInherit
 .text.vTaskPriorityDisinherit
                0x08002fa4       0x84 ..\obj\tasks.o
                0x08002fa4                vTaskPriorityDisinherit
 .text.ff_memalloc
                0x08003028       0x18 ..\obj\syscall.o
                0x08003028                ff_memalloc
 .text.ff_memfree
                0x08003040       0x18 ..\obj\syscall.o
                0x08003040                ff_memfree
 .text.GPIO_Init
                0x08003058      0x11c ..\obj\stm32f4xx_gpio.o
                0x08003058                GPIO_Init
 .text.GPIO_WriteBit
                0x08003174       0x30 ..\obj\stm32f4xx_gpio.o
                0x08003174                GPIO_WriteBit
 .text.GPIO_PinAFConfig
                0x080031a4       0x94 ..\obj\stm32f4xx_gpio.o
                0x080031a4                GPIO_PinAFConfig
 .text.vListInitialise
                0x08003238       0x40 ..\obj\list.o
                0x08003238                vListInitialise
 .text.vListInitialiseItem
                0x08003278       0x1c ..\obj\list.o
                0x08003278                vListInitialiseItem
 .text.vListInsertEnd
                0x08003294       0x48 ..\obj\list.o
                0x08003294                vListInsertEnd
 .text.vListInsert
                0x080032dc       0x74 ..\obj\list.o
                0x080032dc                vListInsert
 .text.uxListRemove
                0x08003350       0x54 ..\obj\list.o
                0x08003350                uxListRemove
 .text.SystemInit
                0x080033a4       0x6c ..\obj\system_stm32f4xx.o
                0x080033a4                SystemInit
 .text.SetSysClock
                0x08003410       0xf8 ..\obj\system_stm32f4xx.o
 .text._sbrk    0x08003508       0x40 ..\obj\syscalls.o
                0x08003508                _sbrk
 .text.getX     0x08003548       0x2c ..\obj\Accelerometer.o
                0x08003548                getX
 .text.getY     0x08003574       0x2c ..\obj\Accelerometer.o
                0x08003574                getY
 .text.getZ     0x080035a0       0x2c ..\obj\Accelerometer.o
                0x080035a0                getZ
 .text.ADdetect
                0x080035cc       0x40 ..\obj\Accelerometer.o
                0x080035cc                ADdetect
 .text.TM_SPI_Send
                0x0800360c       0x78 ..\obj\arducam.o
 .text.get_bit  0x08003684       0x30 ..\obj\arducam.o
                0x08003684                get_bit
 .text.flush_fifo
                0x080036b4       0x10 ..\obj\arducam.o
                0x080036b4                flush_fifo
 .text.start_capture
                0x080036c4       0x10 ..\obj\arducam.o
                0x080036c4                start_capture
 .text.clear_fifo_flag
                0x080036d4       0x10 ..\obj\arducam.o
                0x080036d4                clear_fifo_flag
 .text.set_fifo_burst
                0x080036e4       0x14 ..\obj\arducam.o
                0x080036e4                set_fifo_burst
 .text.selCAM   0x080036f8       0x18 ..\obj\arducam.o
                0x080036f8                selCAM
 .text.deselCAM
                0x08003710       0x18 ..\obj\arducam.o
                0x08003710                deselCAM
 .text.bus_write
                0x08003728       0x38 ..\obj\arducam.o
                0x08003728                bus_write
 .text.bus_read
                0x08003760       0x3c ..\obj\arducam.o
                0x08003760                bus_read
 .text.write_reg
                0x0800379c       0x2c ..\obj\arducam.o
                0x0800379c                write_reg
 .text.read_reg
                0x080037c8       0x24 ..\obj\arducam.o
                0x080037c8                read_reg
 .text.pxPortInitialiseStack
                0x080037ec       0x64 ..\obj\port.o
                0x080037ec                pxPortInitialiseStack
 .text.prvTaskExitError
                0x08003850       0x20 ..\obj\port.o
 .text.SVC_Handler
                0x08003870       0x24 ..\obj\port.o
                0x08003870                SVC_Handler
 .text.prvPortStartFirstTask
                0x08003894       0x20 ..\obj\port.o
 .text.xPortStartScheduler
                0x080038b4       0xd0 ..\obj\port.o
                0x080038b4                xPortStartScheduler
 .text.vPortYield
                0x08003984       0x24 ..\obj\port.o
                0x08003984                vPortYield
 .text.vPortEnterCritical
                0x080039a8       0x24 ..\obj\port.o
                0x080039a8                vPortEnterCritical
 .text.vPortExitCritical
                0x080039cc       0x34 ..\obj\port.o
                0x080039cc                vPortExitCritical
 .text.ulPortSetInterruptMask
                0x08003a00       0x14 ..\obj\port.o
                0x08003a00                ulPortSetInterruptMask
 .text.vPortClearInterruptMask
                0x08003a14        0x8 ..\obj\port.o
                0x08003a14                vPortClearInterruptMask
 .text.PendSV_Handler
                0x08003a1c       0x5c ..\obj\port.o
                0x08003a1c                PendSV_Handler
 .text.vPortSetupTimerInterrupt
                0x08003a78       0x38 ..\obj\port.o
                0x08003a78                vPortSetupTimerInterrupt
 .text.vPortEnableVFP
                0x08003ab0       0x14 ..\obj\port.o
 .text.vPortValidateInterruptPriority
                0x08003ac4       0x5c ..\obj\port.o
                0x08003ac4                vPortValidateInterruptPriority
 .text.xQueueGenericReset
                0x08003b20       0xb0 ..\obj\queue.o
                0x08003b20                xQueueGenericReset
 .text.xQueueGenericCreate
                0x08003bd0       0x84 ..\obj\queue.o
                0x08003bd0                xQueueGenericCreate
 .text.xQueueCreateMutex
                0x08003c54       0x90 ..\obj\queue.o
                0x08003c54                xQueueCreateMutex
 .text.xQueueGenericSend
                0x08003ce4      0x178 ..\obj\queue.o
                0x08003ce4                xQueueGenericSend
 .text.xQueueGenericSendFromISR
                0x08003e5c       0xd4 ..\obj\queue.o
                0x08003e5c                xQueueGenericSendFromISR
 .text.xQueueGenericReceive
                0x08003f30      0x1b8 ..\obj\queue.o
                0x08003f30                xQueueGenericReceive
 .text.prvCopyDataToQueue
                0x080040e8       0xd0 ..\obj\queue.o
 .text.prvCopyDataFromQueue
                0x080041b8       0x4c ..\obj\queue.o
 .text.prvUnlockQueue
                0x08004204       0x98 ..\obj\queue.o
 .text.prvIsQueueEmpty
                0x0800429c       0x2c ..\obj\queue.o
 .text.prvIsQueueFull
                0x080042c8       0x30 ..\obj\queue.o
 .text.vQueueAddToRegistry
                0x080042f8       0x50 ..\obj\queue.o
                0x080042f8                vQueueAddToRegistry
 .text.vQueueWaitForMessageRestricted
                0x08004348       0x58 ..\obj\queue.o
                0x08004348                vQueueWaitForMessageRestricted
 .text.mem_cpy  0x080043a0       0x3c ..\obj\ff.o
 .text.mem_set  0x080043dc       0x34 ..\obj\ff.o
 .text.mem_cmp  0x08004410       0x50 ..\obj\ff.o
 .text.chk_chr  0x08004460       0x38 ..\obj\ff.o
 .text.sync_window
                0x08004498       0x88 ..\obj\ff.o
 .text.move_window
                0x08004520       0x5c ..\obj\ff.o
 .text.sync_fs  0x0800457c      0x144 ..\obj\ff.o
 .text.clust2sect
                0x080046c0       0x40 ..\obj\ff.o
                0x080046c0                clust2sect
 .text.get_fat  0x08004700      0x174 ..\obj\ff.o
                0x08004700                get_fat
 .text.put_fat  0x08004874      0x214 ..\obj\ff.o
                0x08004874                put_fat
 .text.remove_chain
                0x08004a88       0xa8 ..\obj\ff.o
 .text.create_chain
                0x08004b30      0x128 ..\obj\ff.o
 .text.dir_sdi  0x08004c58      0x100 ..\obj\ff.o
 .text.dir_next
                0x08004d58      0x1a8 ..\obj\ff.o
 .text.dir_alloc
                0x08004f00       0x8c ..\obj\ff.o
 .text.ld_clust
                0x08004f8c       0x5c ..\obj\ff.o
 .text.st_clust
                0x08004fe8       0x50 ..\obj\ff.o
 .text.cmp_lfn  0x08005038       0xdc ..\obj\ff.o
 .text.fit_lfn  0x08005114       0xec ..\obj\ff.o
 .text.gen_numname
                0x08005200      0x11c ..\obj\ff.o
 .text.sum_sfn  0x0800531c       0x44 ..\obj\ff.o
 .text.dir_find
                0x08005360      0x168 ..\obj\ff.o
 .text.dir_register
                0x080054c8      0x200 ..\obj\ff.o
 .text.create_name
                0x080056c8      0x3f8 ..\obj\ff.o
 .text.follow_path
                0x08005ac0      0x108 ..\obj\ff.o
 .text.get_ldnumber
                0x08005bc8      0x10c ..\obj\ff.o
 .text.check_fs
                0x08005cd4       0xd0 ..\obj\ff.o
 .text.find_volume
                0x08005da4      0x568 ..\obj\ff.o
 .text.validate
                0x0800630c       0x5c ..\obj\ff.o
 .text.f_mount  0x08006368       0x88 ..\obj\ff.o
                0x08006368                f_mount
 .text.f_open   0x080063f0      0x2a0 ..\obj\ff.o
                0x080063f0                f_open
 .text.f_write  0x08006690      0x2d8 ..\obj\ff.o
                0x08006690                f_write
 .text.f_sync   0x08006968      0x150 ..\obj\ff.o
                0x08006968                f_sync
 .text.f_close  0x08006ab8       0x38 ..\obj\ff.o
                0x08006ab8                f_close
 .text.f_lseek  0x08006af0      0x268 ..\obj\ff.o
                0x08006af0                f_lseek
 .text.putc_bfd
                0x08006d58       0x7c ..\obj\ff.o
 .text.f_puts   0x08006dd4       0x74 ..\obj\ff.o
                0x08006dd4                f_puts
 .text.f_printf
                0x08006e48      0x434 ..\obj\ff.o
                0x08006e48                f_printf
 .text.getVoltage
                0x0800727c       0x34 ..\obj\ADC3_DMA.o
                0x0800727c                getVoltage
 .text.isPassenger
                0x080072b0       0x28 ..\obj\ADC3_DMA.o
                0x080072b0                isPassenger
 .text.pvPortMalloc
                0x080072d8       0x8c ..\obj\heap_1.o
                0x080072d8                pvPortMalloc
 .text.vPortFree
                0x08007364       0x1c ..\obj\heap_1.o
                0x08007364                vPortFree
 .text          0x08007380      0x370 c:/program files (x86)/gnu tools arm embedded/5.4 2016q3/bin/../lib/gcc/arm-none-eabi/5.4.1/armv7e-m\libgcc.a(_arm_addsubdf3.o)
                0x08007380                __aeabi_drsub
                0x08007388                __aeabi_dsub
                0x08007388                __subdf3
                0x0800738c                __aeabi_dadd
                0x0800738c                __adddf3
                0x08007604                __floatunsidf
                0x08007604                __aeabi_ui2d
                0x08007624                __floatsidf
                0x08007624                __aeabi_i2d
                0x08007648                __aeabi_f2d
                0x08007648                __extendsfdf2
                0x08007684                __floatundidf
                0x08007684                __aeabi_ul2d
                0x08007694                __floatdidf
                0x08007694                __aeabi_l2d
 .text          0x080076f0      0x424 c:/program files (x86)/gnu tools arm embedded/5.4 2016q3/bin/../lib/gcc/arm-none-eabi/5.4.1/armv7e-m\libgcc.a(_arm_muldivdf3.o)
                0x080076f0                __aeabi_dmul
                0x080076f0                __muldf3
                0x08007944                __divdf3
                0x08007944                __aeabi_ddiv
 .text          0x08007b14       0x40 c:/program files (x86)/gnu tools arm embedded/5.4 2016q3/bin/../lib/gcc/arm-none-eabi/5.4.1/armv7e-m\libgcc.a(_arm_fixunsdfsi.o)
                0x08007b14                __aeabi_d2uiz
                0x08007b14                __fixunsdfsi
 .text          0x08007b54       0xa0 c:/program files (x86)/gnu tools arm embedded/5.4 2016q3/bin/../lib/gcc/arm-none-eabi/5.4.1/armv7e-m\libgcc.a(_arm_truncdfsf2.o)
                0x08007b54                __truncdfsf2
                0x08007b54                __aeabi_d2f
 .text.atof     0x08007bf4        0x8 c:/program files (x86)/gnu tools arm embedded/5.4 2016q3/bin/../lib/gcc/arm-none-eabi/5.4.1/../../../../arm-none-eabi/lib/armv7e-m\libg.a(lib_a-atof.o)
                0x08007bf4                atof
 .text.atol     0x08007bfc        0x8 c:/program files (x86)/gnu tools arm embedded/5.4 2016q3/bin/../lib/gcc/arm-none-eabi/5.4.1/../../../../arm-none-eabi/lib/armv7e-m\libg.a(lib_a-atol.o)
                0x08007bfc                atol
 .text.malloc   0x08007c04       0x10 c:/program files (x86)/gnu tools arm embedded/5.4 2016q3/bin/../lib/gcc/arm-none-eabi/5.4.1/../../../../arm-none-eabi/lib/armv7e-m\libg.a(lib_a-malloc.o)
                0x08007c04                malloc
 .text.free     0x08007c14       0x10 c:/program files (x86)/gnu tools arm embedded/5.4 2016q3/bin/../lib/gcc/arm-none-eabi/5.4.1/../../../../arm-none-eabi/lib/armv7e-m\libg.a(lib_a-malloc.o)
                0x08007c14                free
 .text._malloc_r
                0x08007c24      0x570 c:/program files (x86)/gnu tools arm embedded/5.4 2016q3/bin/../lib/gcc/arm-none-eabi/5.4.1/../../../../arm-none-eabi/lib/armv7e-m\libg.a(lib_a-mallocr.o)
                0x08007c24                _malloc_r
 .text          0x08008194      0x134 c:/program files (x86)/gnu tools arm embedded/5.4 2016q3/bin/../lib/gcc/arm-none-eabi/5.4.1/../../../../arm-none-eabi/lib/armv7e-m\libg.a(lib_a-memcpy.o)
                0x08008194                memcpy
 .text.memset   0x080082c8       0x9c c:/program files (x86)/gnu tools arm embedded/5.4 2016q3/bin/../lib/gcc/arm-none-eabi/5.4.1/../../../../arm-none-eabi/lib/armv7e-m\libg.a(lib_a-memset.o)
                0x080082c8                memset
 .text.__malloc_lock
                0x08008364        0x4 c:/program files (x86)/gnu tools arm embedded/5.4 2016q3/bin/../lib/gcc/arm-none-eabi/5.4.1/../../../../arm-none-eabi/lib/armv7e-m\libg.a(lib_a-mlock.o)
                0x08008364                __malloc_lock
 .text.__malloc_unlock
                0x08008368        0x4 c:/program files (x86)/gnu tools arm embedded/5.4 2016q3/bin/../lib/gcc/arm-none-eabi/5.4.1/../../../../arm-none-eabi/lib/armv7e-m\libg.a(lib_a-mlock.o)
                0x08008368                __malloc_unlock
 .text._sbrk_r  0x0800836c       0x24 c:/program files (x86)/gnu tools arm embedded/5.4 2016q3/bin/../lib/gcc/arm-none-eabi/5.4.1/../../../../arm-none-eabi/lib/armv7e-m\libg.a(lib_a-sbrkr.o)
                0x0800836c                _sbrk_r
 .text.strchr   0x08008390       0xd0 c:/program files (x86)/gnu tools arm embedded/5.4 2016q3/bin/../lib/gcc/arm-none-eabi/5.4.1/../../../../arm-none-eabi/lib/armv7e-m\libg.a(lib_a-strchr.o)
                0x08008390                strchr
 *fill*         0x08008460       0x20 
 .text          0x08008480       0xdc c:/program files (x86)/gnu tools arm embedded/5.4 2016q3/bin/../lib/gcc/arm-none-eabi/5.4.1/../../../../arm-none-eabi/lib/armv7e-m\libg.a(lib_a-strlen.o)
                0x08008480                strlen
 .text.strncpy  0x0800855c       0x68 c:/program files (x86)/gnu tools arm embedded/5.4 2016q3/bin/../lib/gcc/arm-none-eabi/5.4.1/../../../../arm-none-eabi/lib/armv7e-m\libg.a(lib_a-strncpy.o)
                0x0800855c                strncpy
 .text.critical_factorization
                0x080085c4       0xb8 c:/program files (x86)/gnu tools arm embedded/5.4 2016q3/bin/../lib/gcc/arm-none-eabi/5.4.1/../../../../arm-none-eabi/lib/armv7e-m\libg.a(lib_a-strstr.o)
 .text.two_way_long_needle
                0x0800867c      0x200 c:/program files (x86)/gnu tools arm embedded/5.4 2016q3/bin/../lib/gcc/arm-none-eabi/5.4.1/../../../../arm-none-eabi/lib/armv7e-m\libg.a(lib_a-strstr.o)
 .text.strstr   0x0800887c      0x220 c:/program files (x86)/gnu tools arm embedded/5.4 2016q3/bin/../lib/gcc/arm-none-eabi/5.4.1/../../../../arm-none-eabi/lib/armv7e-m\libg.a(lib_a-strstr.o)
                0x0800887c                strstr
 .text.unlikely.sulp
                0x08008a9c       0x44 c:/program files (x86)/gnu tools arm embedded/5.4 2016q3/bin/../lib/gcc/arm-none-eabi/5.4.1/../../../../arm-none-eabi/lib/armv7e-m\libg.a(lib_a-strtod.o)
 .text._strtod_l
                0x08008ae0      0xe8c c:/program files (x86)/gnu tools arm embedded/5.4 2016q3/bin/../lib/gcc/arm-none-eabi/5.4.1/../../../../arm-none-eabi/lib/armv7e-m\libg.a(lib_a-strtod.o)
                0x08008ae0                _strtod_l
 .text.strtod   0x0800996c       0x24 c:/program files (x86)/gnu tools arm embedded/5.4 2016q3/bin/../lib/gcc/arm-none-eabi/5.4.1/../../../../arm-none-eabi/lib/armv7e-m\libg.a(lib_a-strtod.o)
                0x0800996c                strtod
 .text._strtol_l.isra.0
                0x08009990      0x138 c:/program files (x86)/gnu tools arm embedded/5.4 2016q3/bin/../lib/gcc/arm-none-eabi/5.4.1/../../../../arm-none-eabi/lib/armv7e-m\libg.a(lib_a-strtol.o)
 .text.strtol   0x08009ac8       0x2c c:/program files (x86)/gnu tools arm embedded/5.4 2016q3/bin/../lib/gcc/arm-none-eabi/5.4.1/../../../../arm-none-eabi/lib/armv7e-m\libg.a(lib_a-strtol.o)
                0x08009ac8                strtol
 .text._malloc_trim_r
                0x08009af4       0x9c c:/program files (x86)/gnu tools arm embedded/5.4 2016q3/bin/../lib/gcc/arm-none-eabi/5.4.1/../../../../arm-none-eabi/lib/armv7e-m\libg.a(lib_a-freer.o)
                0x08009af4                _malloc_trim_r
 .text._free_r  0x08009b90      0x1d0 c:/program files (x86)/gnu tools arm embedded/5.4 2016q3/bin/../lib/gcc/arm-none-eabi/5.4.1/../../../../arm-none-eabi/lib/armv7e-m\libg.a(lib_a-freer.o)
                0x08009b90                _free_r
 .text.rshift   0x08009d60       0xa8 c:/program files (x86)/gnu tools arm embedded/5.4 2016q3/bin/../lib/gcc/arm-none-eabi/5.4.1/../../../../arm-none-eabi/lib/armv7e-m\libg.a(lib_a-gdtoa-gethex.o)
 .text.__gethex
                0x08009e08      0x510 c:/program files (x86)/gnu tools arm embedded/5.4 2016q3/bin/../lib/gcc/arm-none-eabi/5.4.1/../../../../arm-none-eabi/lib/armv7e-m\libg.a(lib_a-gdtoa-gethex.o)
                0x08009e08                __gethex
 .text.__match  0x0800a318       0x30 c:/program files (x86)/gnu tools arm embedded/5.4 2016q3/bin/../lib/gcc/arm-none-eabi/5.4.1/../../../../arm-none-eabi/lib/armv7e-m\libg.a(lib_a-gdtoa-hexnan.o)
                0x0800a318                __match
 .text.__hexnan
                0x0800a348      0x180 c:/program files (x86)/gnu tools arm embedded/5.4 2016q3/bin/../lib/gcc/arm-none-eabi/5.4.1/../../../../arm-none-eabi/lib/armv7e-m\libg.a(lib_a-gdtoa-hexnan.o)
                0x0800a348                __hexnan
 .text.__locale_ctype_ptr_l
                0x0800a4c8        0x8 c:/program files (x86)/gnu tools arm embedded/5.4 2016q3/bin/../lib/gcc/arm-none-eabi/5.4.1/../../../../arm-none-eabi/lib/armv7e-m\libg.a(lib_a-locale.o)
                0x0800a4c8                __locale_ctype_ptr_l
 .text.__localeconv_l
                0x0800a4d0        0x4 c:/program files (x86)/gnu tools arm embedded/5.4 2016q3/bin/../lib/gcc/arm-none-eabi/5.4.1/../../../../arm-none-eabi/lib/armv7e-m\libg.a(lib_a-localeconv.o)
                0x0800a4d0                __localeconv_l
 .text.__ascii_mbtowc
                0x0800a4d4       0x2c c:/program files (x86)/gnu tools arm embedded/5.4 2016q3/bin/../lib/gcc/arm-none-eabi/5.4.1/../../../../arm-none-eabi/lib/armv7e-m\libg.a(lib_a-mbtowc_r.o)
                0x0800a4d4                __ascii_mbtowc
 .text          0x0800a500       0xa0 c:/program files (x86)/gnu tools arm embedded/5.4 2016q3/bin/../lib/gcc/arm-none-eabi/5.4.1/../../../../arm-none-eabi/lib/armv7e-m\libg.a(lib_a-memchr.o)
                0x0800a500                memchr
 .text.memcmp   0x0800a5a0       0x64 c:/program files (x86)/gnu tools arm embedded/5.4 2016q3/bin/../lib/gcc/arm-none-eabi/5.4.1/../../../../arm-none-eabi/lib/armv7e-m\libg.a(lib_a-memcmp.o)
                0x0800a5a0                memcmp
 .text._Balloc  0x0800a604       0x4c c:/program files (x86)/gnu tools arm embedded/5.4 2016q3/bin/../lib/gcc/arm-none-eabi/5.4.1/../../../../arm-none-eabi/lib/armv7e-m\libg.a(lib_a-mprec.o)
                0x0800a604                _Balloc
 .text._Bfree   0x0800a650       0x14 c:/program files (x86)/gnu tools arm embedded/5.4 2016q3/bin/../lib/gcc/arm-none-eabi/5.4.1/../../../../arm-none-eabi/lib/armv7e-m\libg.a(lib_a-mprec.o)
                0x0800a650                _Bfree
 .text.__multadd
                0x0800a664       0x80 c:/program files (x86)/gnu tools arm embedded/5.4 2016q3/bin/../lib/gcc/arm-none-eabi/5.4.1/../../../../arm-none-eabi/lib/armv7e-m\libg.a(lib_a-mprec.o)
                0x0800a664                __multadd
 .text.__s2b    0x0800a6e4       0x98 c:/program files (x86)/gnu tools arm embedded/5.4 2016q3/bin/../lib/gcc/arm-none-eabi/5.4.1/../../../../arm-none-eabi/lib/armv7e-m\libg.a(lib_a-mprec.o)
                0x0800a6e4                __s2b
 .text.__hi0bits
                0x0800a77c       0x40 c:/program files (x86)/gnu tools arm embedded/5.4 2016q3/bin/../lib/gcc/arm-none-eabi/5.4.1/../../../../arm-none-eabi/lib/armv7e-m\libg.a(lib_a-mprec.o)
                0x0800a77c                __hi0bits
 .text.__lo0bits
                0x0800a7bc       0x5c c:/program files (x86)/gnu tools arm embedded/5.4 2016q3/bin/../lib/gcc/arm-none-eabi/5.4.1/../../../../arm-none-eabi/lib/armv7e-m\libg.a(lib_a-mprec.o)
                0x0800a7bc                __lo0bits
 .text.__i2b    0x0800a818       0x14 c:/program files (x86)/gnu tools arm embedded/5.4 2016q3/bin/../lib/gcc/arm-none-eabi/5.4.1/../../../../arm-none-eabi/lib/armv7e-m\libg.a(lib_a-mprec.o)
                0x0800a818                __i2b
 .text.__multiply
                0x0800a82c      0x130 c:/program files (x86)/gnu tools arm embedded/5.4 2016q3/bin/../lib/gcc/arm-none-eabi/5.4.1/../../../../arm-none-eabi/lib/armv7e-m\libg.a(lib_a-mprec.o)
                0x0800a82c                __multiply
 .text.__pow5mult
                0x0800a95c       0xa0 c:/program files (x86)/gnu tools arm embedded/5.4 2016q3/bin/../lib/gcc/arm-none-eabi/5.4.1/../../../../arm-none-eabi/lib/armv7e-m\libg.a(lib_a-mprec.o)
                0x0800a95c                __pow5mult
 .text.__lshift
                0x0800a9fc       0xb0 c:/program files (x86)/gnu tools arm embedded/5.4 2016q3/bin/../lib/gcc/arm-none-eabi/5.4.1/../../../../arm-none-eabi/lib/armv7e-m\libg.a(lib_a-mprec.o)
                0x0800a9fc                __lshift
 .text.__mcmp   0x0800aaac       0x40 c:/program files (x86)/gnu tools arm embedded/5.4 2016q3/bin/../lib/gcc/arm-none-eabi/5.4.1/../../../../arm-none-eabi/lib/armv7e-m\libg.a(lib_a-mprec.o)
                0x0800aaac                __mcmp
 .text.__mdiff  0x0800aaec      0x114 c:/program files (x86)/gnu tools arm embedded/5.4 2016q3/bin/../lib/gcc/arm-none-eabi/5.4.1/../../../../arm-none-eabi/lib/armv7e-m\libg.a(lib_a-mprec.o)
                0x0800aaec                __mdiff
 .text.__ulp    0x0800ac00       0x44 c:/program files (x86)/gnu tools arm embedded/5.4 2016q3/bin/../lib/gcc/arm-none-eabi/5.4.1/../../../../arm-none-eabi/lib/armv7e-m\libg.a(lib_a-mprec.o)
                0x0800ac00                __ulp
 .text.__b2d    0x0800ac44       0xd4 c:/program files (x86)/gnu tools arm embedded/5.4 2016q3/bin/../lib/gcc/arm-none-eabi/5.4.1/../../../../arm-none-eabi/lib/armv7e-m\libg.a(lib_a-mprec.o)
                0x0800ac44                __b2d
 .text.__d2b    0x0800ad18       0xb8 c:/program files (x86)/gnu tools arm embedded/5.4 2016q3/bin/../lib/gcc/arm-none-eabi/5.4.1/../../../../arm-none-eabi/lib/armv7e-m\libg.a(lib_a-mprec.o)
                0x0800ad18                __d2b
 .text.__ratio  0x0800add0       0x54 c:/program files (x86)/gnu tools arm embedded/5.4 2016q3/bin/../lib/gcc/arm-none-eabi/5.4.1/../../../../arm-none-eabi/lib/armv7e-m\libg.a(lib_a-mprec.o)
                0x0800add0                __ratio
 .text.__copybits
                0x0800ae24       0x48 c:/program files (x86)/gnu tools arm embedded/5.4 2016q3/bin/../lib/gcc/arm-none-eabi/5.4.1/../../../../arm-none-eabi/lib/armv7e-m\libg.a(lib_a-mprec.o)
                0x0800ae24                __copybits
 .text.__any_on
                0x0800ae6c       0x5c c:/program files (x86)/gnu tools arm embedded/5.4 2016q3/bin/../lib/gcc/arm-none-eabi/5.4.1/../../../../arm-none-eabi/lib/armv7e-m\libg.a(lib_a-mprec.o)
                0x0800ae6c                __any_on
 .text.strncmp  0x0800aec8       0xa0 c:/program files (x86)/gnu tools arm embedded/5.4 2016q3/bin/../lib/gcc/arm-none-eabi/5.4.1/../../../../arm-none-eabi/lib/armv7e-m\libg.a(lib_a-strncmp.o)
                0x0800aec8                strncmp
 .text.__ascii_wctomb
                0x0800af68       0x1c c:/program files (x86)/gnu tools arm embedded/5.4 2016q3/bin/../lib/gcc/arm-none-eabi/5.4.1/../../../../arm-none-eabi/lib/armv7e-m\libg.a(lib_a-wctomb_r.o)
                0x0800af68                __ascii_wctomb
 .text._calloc_r
                0x0800af84       0x60 c:/program files (x86)/gnu tools arm embedded/5.4 2016q3/bin/../lib/gcc/arm-none-eabi/5.4.1/../../../../arm-none-eabi/lib/armv7e-m\libg.a(lib_a-callocr.o)
                0x0800af84                _calloc_r
 .text          0x0800afe4      0x110 c:/program files (x86)/gnu tools arm embedded/5.4 2016q3/bin/../lib/gcc/arm-none-eabi/5.4.1/armv7e-m\libgcc.a(_arm_cmpdf2.o)
                0x0800afe4                __gtdf2
                0x0800afe4                __gedf2
                0x0800afec                __ltdf2
                0x0800afec                __ledf2
                0x0800aff4                __nedf2
                0x0800aff4                __eqdf2
                0x0800aff4                __cmpdf2
                0x0800b070                __aeabi_cdrcmple
                0x0800b080                __aeabi_cdcmpeq
                0x0800b080                __aeabi_cdcmple
                0x0800b090                __aeabi_dcmpeq
                0x0800b0a4                __aeabi_dcmplt
                0x0800b0b8                __aeabi_dcmple
                0x0800b0cc                __aeabi_dcmpge
                0x0800b0e0                __aeabi_dcmpgt
 .text          0x0800b0f4       0x50 c:/program files (x86)/gnu tools arm embedded/5.4 2016q3/bin/../lib/gcc/arm-none-eabi/5.4.1/armv7e-m\libgcc.a(_arm_fixdfsi.o)
                0x0800b0f4                __aeabi_d2iz
                0x0800b0f4                __fixdfsi
 *(.glue_7t)
 .glue_7t       0x0800b144        0x0 linker stubs
 *(.glue_7)
 .glue_7        0x0800b144        0x0 linker stubs
 *(.rodata .rodata* .gnu.linkonce.r.*)
 .rodata        0x0800b144      0x4c0 ..\obj\unicode.o
 .rodata        0x0800b604      0x102 ..\obj\main.o
 *fill*         0x0800b706        0x2 
 .rodata        0x0800b708        0xd ..\obj\timers.o
 *fill*         0x0800b715        0x3 
 .rodata        0x0800b718        0x7 ..\obj\GPS_parsing.o
 *fill*         0x0800b71f        0x1 
 .rodata        0x0800b720        0x5 ..\obj\tasks.o
 *fill*         0x0800b725        0x3 
 .rodata        0x0800b728      0x17e ..\obj\ff.o
 *fill*         0x0800b8a6        0x2 
 .rodata.str1.4
                0x0800b8a8        0xf c:/program files (x86)/gnu tools arm embedded/5.4 2016q3/bin/../lib/gcc/arm-none-eabi/5.4.1/../../../../arm-none-eabi/lib/armv7e-m\libg.a(lib_a-strtod.o)
 *fill*         0x0800b8b7        0x1 
 .rodata.fpinan.6207
                0x0800b8b8       0x14 c:/program files (x86)/gnu tools arm embedded/5.4 2016q3/bin/../lib/gcc/arm-none-eabi/5.4.1/../../../../arm-none-eabi/lib/armv7e-m\libg.a(lib_a-strtod.o)
 *fill*         0x0800b8cc        0x4 
 .rodata.tinytens
                0x0800b8d0       0x28 c:/program files (x86)/gnu tools arm embedded/5.4 2016q3/bin/../lib/gcc/arm-none-eabi/5.4.1/../../../../arm-none-eabi/lib/armv7e-m\libg.a(lib_a-strtod.o)
 .rodata.fpi.6171
                0x0800b8f8       0x14 c:/program files (x86)/gnu tools arm embedded/5.4 2016q3/bin/../lib/gcc/arm-none-eabi/5.4.1/../../../../arm-none-eabi/lib/armv7e-m\libg.a(lib_a-strtod.o)
 .rodata.__hexdig
                0x0800b90c      0x100 c:/program files (x86)/gnu tools arm embedded/5.4 2016q3/bin/../lib/gcc/arm-none-eabi/5.4.1/../../../../arm-none-eabi/lib/armv7e-m\libg.a(lib_a-gdtoa-gethex.o)
                0x0800b90c                __hexdig
 .rodata.str1.4
                0x0800ba0c       0x14 c:/program files (x86)/gnu tools arm embedded/5.4 2016q3/bin/../lib/gcc/arm-none-eabi/5.4.1/../../../../arm-none-eabi/lib/armv7e-m\libg.a(lib_a-locale.o)
                                 0x12 (size before relaxing)
 .rodata.__mprec_tens
                0x0800ba20       0xc8 c:/program files (x86)/gnu tools arm embedded/5.4 2016q3/bin/../lib/gcc/arm-none-eabi/5.4.1/../../../../arm-none-eabi/lib/armv7e-m\libg.a(lib_a-mprec.o)
                0x0800ba20                __mprec_tens
 .rodata.p05.6085
                0x0800bae8        0xc c:/program files (x86)/gnu tools arm embedded/5.4 2016q3/bin/../lib/gcc/arm-none-eabi/5.4.1/../../../../arm-none-eabi/lib/armv7e-m\libg.a(lib_a-mprec.o)
 *fill*         0x0800baf4        0x4 
 .rodata.__mprec_bigtens
                0x0800baf8       0x28 c:/program files (x86)/gnu tools arm embedded/5.4 2016q3/bin/../lib/gcc/arm-none-eabi/5.4.1/../../../../arm-none-eabi/lib/armv7e-m\libg.a(lib_a-mprec.o)
                0x0800baf8                __mprec_bigtens
 .rodata._ctype_
                0x0800bb20      0x101 c:/program files (x86)/gnu tools arm embedded/5.4 2016q3/bin/../lib/gcc/arm-none-eabi/5.4.1/../../../../arm-none-eabi/lib/armv7e-m\libg.a(lib_a-ctype_.o)
                0x0800bb20                _ctype_

.vfp11_veneer   0x0800bc24        0x0
 .vfp11_veneer  0x0800bc24        0x0 linker stubs

.v4_bx          0x0800bc24        0x0
 .v4_bx         0x0800bc24        0x0 linker stubs

.iplt           0x0800bc24        0x0
 .iplt          0x0800bc24        0x0 ..\obj\tm_stm32f4_fatfs.o

.rel.dyn        0x0800bc24        0x0
 .rel.iplt      0x0800bc24        0x0 ..\obj\tm_stm32f4_fatfs.o

.ARM.extab
 *(.ARM.extab* .gnu.linkonce.armextab.*)
                0x0800bc24                __exidx_start = .

.ARM.exidx
 *(.ARM.exidx* .gnu.linkonce.armexidx.*)
                0x0800bc24                __exidx_end = .
                0x0800bc24                . = ALIGN (0x4)
                0x0800bc24                _etext = .
                0x0800bc24                _sidata = .

.data           0x20000000      0xa88 load address 0x0800bc24
                0x20000000                _sdata = .
 *(.data .data.*)
 .data          0x20000000       0xb4 ..\obj\diskio.o
                0x20000000                FATFS_LowLevelDrivers
 .data          0x200000b4       0x10 ..\obj\stm32f4xx_rcc.o
 .data          0x200000c4        0x4 ..\obj\tasks.o
 .data          0x200000c8       0x14 ..\obj\system_stm32f4xx.o
                0x200000c8                SystemCoreClock
                0x200000cc                AHBPrescTable
 .data          0x200000dc        0x4 ..\obj\port.o
 .data.__malloc_av_
                0x200000e0      0x408 c:/program files (x86)/gnu tools arm embedded/5.4 2016q3/bin/../lib/gcc/arm-none-eabi/5.4.1/../../../../arm-none-eabi/lib/armv7e-m\libg.a(lib_a-mallocr.o)
                0x200000e0                __malloc_av_
 .data.__malloc_trim_threshold
                0x200004e8        0x4 c:/program files (x86)/gnu tools arm embedded/5.4 2016q3/bin/../lib/gcc/arm-none-eabi/5.4.1/../../../../arm-none-eabi/lib/armv7e-m\libg.a(lib_a-mallocr.o)
                0x200004e8                __malloc_trim_threshold
 .data.__malloc_sbrk_base
                0x200004ec        0x4 c:/program files (x86)/gnu tools arm embedded/5.4 2016q3/bin/../lib/gcc/arm-none-eabi/5.4.1/../../../../arm-none-eabi/lib/armv7e-m\libg.a(lib_a-mallocr.o)
                0x200004ec                __malloc_sbrk_base
 .data.impure_data
                0x200004f0      0x428 c:/program files (x86)/gnu tools arm embedded/5.4 2016q3/bin/../lib/gcc/arm-none-eabi/5.4.1/../../../../arm-none-eabi/lib/armv7e-m\libg.a(lib_a-impure.o)
 .data._impure_ptr
                0x20000918        0x4 c:/program files (x86)/gnu tools arm embedded/5.4 2016q3/bin/../lib/gcc/arm-none-eabi/5.4.1/../../../../arm-none-eabi/lib/armv7e-m\libg.a(lib_a-impure.o)
                0x20000918                _impure_ptr
 .data.__global_locale
                0x2000091c      0x16c c:/program files (x86)/gnu tools arm embedded/5.4 2016q3/bin/../lib/gcc/arm-none-eabi/5.4.1/../../../../arm-none-eabi/lib/armv7e-m\libg.a(lib_a-locale.o)
                0x2000091c                __global_locale
                0x20000a88                . = ALIGN (0x4)
                0x20000a88                _edata = .

.igot.plt       0x20000a88        0x0 load address 0x0800c6ac
 .igot.plt      0x20000a88        0x0 ..\obj\tm_stm32f4_fatfs.o

.bss            0x20000a88    0x12e74 load address 0x0800c6ac
                0x20000a88                _sbss = .
 *(.bss .bss.*)
 .bss           0x20000a88        0x4 ..\obj\main.o
 .bss           0x20000a8c       0x38 ..\obj\timers.o
 .bss           0x20000ac4       0x28 ..\obj\tm_stm32f4_delay.o
                0x20000ac4                TM_TimingDelay
                0x20000ac8                TM_Time
                0x20000acc                TM_Time2
                0x20000ad0                TM_DELAY_Initialized
 .bss           0x20000aec       0xfc ..\obj\tasks.o
                0x20000aec                pxCurrentTCB
 .bss           0x20000be8        0x4 ..\obj\syscalls.o
 .bss           0x20000bec        0x8 ..\obj\port.o
 .bss           0x20000bf4       0x27 ..\obj\ff.o
 *fill*         0x20000c1b        0x1 
 .bss           0x20000c1c        0x8 ..\obj\ADC3_DMA.o
                0x20000c1c                ADC3ConvertedValue
                0x20000c20                ADC3ConvertedVoltage
 .bss           0x20000c24    0x12c08 ..\obj\heap_1.o
 .bss.__malloc_max_total_mem
                0x2001382c        0x4 c:/program files (x86)/gnu tools arm embedded/5.4 2016q3/bin/../lib/gcc/arm-none-eabi/5.4.1/../../../../arm-none-eabi/lib/armv7e-m\libg.a(lib_a-mallocr.o)
                0x2001382c                __malloc_max_total_mem
 .bss.__malloc_max_sbrked_mem
                0x20013830        0x4 c:/program files (x86)/gnu tools arm embedded/5.4 2016q3/bin/../lib/gcc/arm-none-eabi/5.4.1/../../../../arm-none-eabi/lib/armv7e-m\libg.a(lib_a-mallocr.o)
                0x20013830                __malloc_max_sbrked_mem
 .bss.__malloc_top_pad
                0x20013834        0x4 c:/program files (x86)/gnu tools arm embedded/5.4 2016q3/bin/../lib/gcc/arm-none-eabi/5.4.1/../../../../arm-none-eabi/lib/armv7e-m\libg.a(lib_a-mallocr.o)
                0x20013834                __malloc_top_pad
 .bss.__malloc_current_mallinfo
                0x20013838       0x28 c:/program files (x86)/gnu tools arm embedded/5.4 2016q3/bin/../lib/gcc/arm-none-eabi/5.4.1/../../../../arm-none-eabi/lib/armv7e-m\libg.a(lib_a-mallocr.o)
                0x20013838                __malloc_current_mallinfo
 *(COMMON)
 COMMON         0x20013860       0x51 ..\obj\main.o
                0x20013860                sensor_model
                0x20013864                xSemaphoreSD
                0x20013868                xSemaphoreBluetooth
                0x2001386c                xSemaphoreArducam
                0x20013870                GPS_data
                0x200138a8                xSemaphoreGPS
                0x200138ac                xSemaphorePiComm
                0x200138b0                m_fmt
 *fill*         0x200138b1        0x3 
 COMMON         0x200138b4        0x4 ..\obj\tm_stm32f4_delay.o
                0x200138b4                mult
 COMMON         0x200138b8       0x40 ..\obj\queue.o
                0x200138b8                xQueueRegistry
 COMMON         0x200138f8        0x4 c:/program files (x86)/gnu tools arm embedded/5.4 2016q3/bin/../lib/gcc/arm-none-eabi/5.4.1/../../../../arm-none-eabi/lib/armv7e-m\libg.a(lib_a-reent.o)
                0x200138f8                errno
                0x200138fc                . = ALIGN (0x4)
                0x200138fc                _ebss = .

.co_stack       0x200138fc      0x804 load address 0x0801f520
                0x20013900                . = ALIGN (0x8)
 *fill*         0x200138fc        0x4 
 *(.co_stack .co_stack.*)
 .co_stack      0x20013900      0x800 ..\obj\startup_stm32f4xx.o
                0x20013900                pulStack
                0x20014100                . = ALIGN (0x4)
                0x20014100                _end = .
LOAD ..\obj\tm_stm32f4_fatfs.o
LOAD ..\obj\unicode.o
LOAD ..\obj\stm32f4xx_sdio.o
LOAD ..\obj\stm32f4xx_usart.o
LOAD ..\obj\diskio.o
LOAD ..\obj\startup_stm32f4xx.o
LOAD ..\obj\main.o
LOAD ..\obj\Bluetooth.o
LOAD ..\obj\stm32f4xx_rcc.o
LOAD ..\obj\timers.o
LOAD ..\obj\init.o
LOAD ..\obj\stm32f4xx_adc.o
LOAD ..\obj\fatfs_sd.o
LOAD ..\obj\Pi_comm.o
LOAD ..\obj\GPS_parsing.o
LOAD ..\obj\tm_stm32f4_delay.o
LOAD ..\obj\tasks.o
LOAD ..\obj\syscall.o
LOAD ..\obj\tm_stm32f4_spi.o
LOAD ..\obj\stm32f4xx_gpio.o
LOAD ..\obj\list.o
LOAD ..\obj\system_stm32f4xx.o
LOAD ..\obj\syscalls.o
LOAD ..\obj\stm32f4xx_dma.o
LOAD ..\obj\Accelerometer.o
LOAD ..\obj\IOToggle.o
LOAD ..\obj\arducam.o
LOAD ..\obj\port.o
LOAD ..\obj\queue.o
LOAD ..\obj\ff.o
LOAD ..\obj\croutine.o
LOAD ..\obj\stm32f4xx_spi.o
LOAD ..\obj\stm32f4xx_i2c.o
LOAD ..\obj\misc.o
LOAD ..\obj\ADC3_DMA.o
LOAD ..\obj\tm_stm32f4_gpio.o
LOAD ..\obj\heap_1.o
LOAD ..\obj\stm32f4xx_tim.o
START GROUP
LOAD c:/program files (x86)/gnu tools arm embedded/5.4 2016q3/bin/../lib/gcc/arm-none-eabi/5.4.1/armv7e-m\libgcc.a
LOAD c:/program files (x86)/gnu tools arm embedded/5.4 2016q3/bin/../lib/gcc/arm-none-eabi/5.4.1/../../../../arm-none-eabi/lib/armv7e-m\libg.a
LOAD c:/program files (x86)/gnu tools arm embedded/5.4 2016q3/bin/../lib/gcc/arm-none-eabi/5.4.1/../../../../arm-none-eabi/lib/armv7e-m\libc.a
END GROUP
OUTPUT(dev.elf elf32-littlearm)

.debug_info     0x00000000     0xd043
 .debug_info    0x00000000      0x15e ..\obj\unicode.o
 .debug_info    0x0000015e      0x990 ..\obj\stm32f4xx_usart.o
 .debug_info    0x00000aee      0x901 ..\obj\diskio.o
 .debug_info    0x000013ef      0x107 ..\obj\startup_stm32f4xx.o
 .debug_info    0x000014f6      0xb96 ..\obj\main.o
 .debug_info    0x0000208c      0x4c7 ..\obj\Bluetooth.o
 .debug_info    0x00002553      0xc29 ..\obj\stm32f4xx_rcc.o
 .debug_info    0x0000317c      0x783 ..\obj\timers.o
 .debug_info    0x000038ff      0x1fc ..\obj\init.o
 .debug_info    0x00003afb      0xc06 ..\obj\stm32f4xx_adc.o
 .debug_info    0x00004701      0x5ed ..\obj\Pi_comm.o
 .debug_info    0x00004cee      0x6cc ..\obj\GPS_parsing.o
 .debug_info    0x000053ba      0xac8 ..\obj\tm_stm32f4_delay.o
 .debug_info    0x00005e82     0x1188 ..\obj\tasks.o
 .debug_info    0x0000700a       0xbd ..\obj\syscall.o
 .debug_info    0x000070c7      0x5e0 ..\obj\stm32f4xx_gpio.o
 .debug_info    0x000076a7      0x287 ..\obj\list.o
 .debug_info    0x0000792e      0x58b ..\obj\system_stm32f4xx.o
 .debug_info    0x00007eb9      0x2ba ..\obj\syscalls.o
 .debug_info    0x00008173      0x4f6 ..\obj\Accelerometer.o
 .debug_info    0x00008669      0xcae ..\obj\arducam.o
 .debug_info    0x00009317      0x331 ..\obj\port.o
 .debug_info    0x00009648      0xb71 ..\obj\queue.o
 .debug_info    0x0000a1b9     0x2624 ..\obj\ff.o
 .debug_info    0x0000c7dd      0x6fb ..\obj\ADC3_DMA.o
 .debug_info    0x0000ced8      0x16b ..\obj\heap_1.o

.debug_abbrev   0x00000000     0x2834
 .debug_abbrev  0x00000000       0x97 ..\obj\unicode.o
 .debug_abbrev  0x00000097      0x157 ..\obj\stm32f4xx_usart.o
 .debug_abbrev  0x000001ee      0x1bf ..\obj\diskio.o
 .debug_abbrev  0x000003ad       0xd1 ..\obj\startup_stm32f4xx.o
 .debug_abbrev  0x0000047e      0x2d3 ..\obj\main.o
 .debug_abbrev  0x00000751      0x172 ..\obj\Bluetooth.o
 .debug_abbrev  0x000008c3      0x1e5 ..\obj\stm32f4xx_rcc.o
 .debug_abbrev  0x00000aa8      0x186 ..\obj\timers.o
 .debug_abbrev  0x00000c2e      0x173 ..\obj\init.o
 .debug_abbrev  0x00000da1      0x198 ..\obj\stm32f4xx_adc.o
 .debug_abbrev  0x00000f39      0x164 ..\obj\Pi_comm.o
 .debug_abbrev  0x0000109d      0x19f ..\obj\GPS_parsing.o
 .debug_abbrev  0x0000123c      0x2ff ..\obj\tm_stm32f4_delay.o
 .debug_abbrev  0x0000153b      0x226 ..\obj\tasks.o
 .debug_abbrev  0x00001761       0x7f ..\obj\syscall.o
 .debug_abbrev  0x000017e0      0x1a7 ..\obj\stm32f4xx_gpio.o
 .debug_abbrev  0x00001987       0xbc ..\obj\list.o
 .debug_abbrev  0x00001a43      0x138 ..\obj\system_stm32f4xx.o
 .debug_abbrev  0x00001b7b       0xe1 ..\obj\syscalls.o
 .debug_abbrev  0x00001c5c      0x112 ..\obj\Accelerometer.o
 .debug_abbrev  0x00001d6e      0x2d2 ..\obj\arducam.o
 .debug_abbrev  0x00002040      0x1ac ..\obj\port.o
 .debug_abbrev  0x000021ec      0x1c7 ..\obj\queue.o
 .debug_abbrev  0x000023b3      0x1fc ..\obj\ff.o
 .debug_abbrev  0x000025af      0x199 ..\obj\ADC3_DMA.o
 .debug_abbrev  0x00002748       0xec ..\obj\heap_1.o

.debug_aranges  0x00000000      0xfe0
 .debug_aranges
                0x00000000       0x28 ..\obj\unicode.o
 .debug_aranges
                0x00000028      0x100 ..\obj\stm32f4xx_usart.o
 .debug_aranges
                0x00000128      0x118 ..\obj\diskio.o
 .debug_aranges
                0x00000240       0x28 ..\obj\startup_stm32f4xx.o
 .debug_aranges
                0x00000268       0x90 ..\obj\main.o
 .debug_aranges
                0x000002f8       0x28 ..\obj\Bluetooth.o
 .debug_aranges
                0x00000320      0x178 ..\obj\stm32f4xx_rcc.o
 .debug_aranges
                0x00000498       0x88 ..\obj\timers.o
 .debug_aranges
                0x00000520       0x30 ..\obj\init.o
 .debug_aranges
                0x00000550      0x148 ..\obj\stm32f4xx_adc.o
 .debug_aranges
                0x00000698       0x40 ..\obj\Pi_comm.o
 .debug_aranges
                0x000006d8       0x30 ..\obj\GPS_parsing.o
 .debug_aranges
                0x00000708       0x90 ..\obj\tm_stm32f4_delay.o
 .debug_aranges
                0x00000798      0x180 ..\obj\tasks.o
 .debug_aranges
                0x00000918       0x28 ..\obj\syscall.o
 .debug_aranges
                0x00000940       0x88 ..\obj\stm32f4xx_gpio.o
 .debug_aranges
                0x000009c8       0x40 ..\obj\list.o
 .debug_aranges
                0x00000a08       0x30 ..\obj\system_stm32f4xx.o
 .debug_aranges
                0x00000a38       0x58 ..\obj\syscalls.o
 .debug_aranges
                0x00000a90       0x40 ..\obj\Accelerometer.o
 .debug_aranges
                0x00000ad0       0xe8 ..\obj\arducam.o
 .debug_aranges
                0x00000bb8       0x90 ..\obj\port.o
 .debug_aranges
                0x00000c48       0xf8 ..\obj\queue.o
 .debug_aranges
                0x00000d40      0x230 ..\obj\ff.o
 .debug_aranges
                0x00000f70       0x38 ..\obj\ADC3_DMA.o
 .debug_aranges
                0x00000fa8       0x38 ..\obj\heap_1.o

.debug_ranges   0x00000000      0xe40
 .debug_ranges  0x00000000       0x18 ..\obj\unicode.o
 .debug_ranges  0x00000018       0xf0 ..\obj\stm32f4xx_usart.o
 .debug_ranges  0x00000108      0x108 ..\obj\diskio.o
 .debug_ranges  0x00000210       0x18 ..\obj\startup_stm32f4xx.o
 .debug_ranges  0x00000228       0x80 ..\obj\main.o
 .debug_ranges  0x000002a8       0x18 ..\obj\Bluetooth.o
 .debug_ranges  0x000002c0      0x168 ..\obj\stm32f4xx_rcc.o
 .debug_ranges  0x00000428       0x78 ..\obj\timers.o
 .debug_ranges  0x000004a0       0x20 ..\obj\init.o
 .debug_ranges  0x000004c0      0x138 ..\obj\stm32f4xx_adc.o
 .debug_ranges  0x000005f8       0x30 ..\obj\Pi_comm.o
 .debug_ranges  0x00000628       0x20 ..\obj\GPS_parsing.o
 .debug_ranges  0x00000648       0x80 ..\obj\tm_stm32f4_delay.o
 .debug_ranges  0x000006c8      0x170 ..\obj\tasks.o
 .debug_ranges  0x00000838       0x18 ..\obj\syscall.o
 .debug_ranges  0x00000850       0x78 ..\obj\stm32f4xx_gpio.o
 .debug_ranges  0x000008c8       0x30 ..\obj\list.o
 .debug_ranges  0x000008f8       0x20 ..\obj\system_stm32f4xx.o
 .debug_ranges  0x00000918       0x48 ..\obj\syscalls.o
 .debug_ranges  0x00000960       0x30 ..\obj\Accelerometer.o
 .debug_ranges  0x00000990       0xd8 ..\obj\arducam.o
 .debug_ranges  0x00000a68       0x80 ..\obj\port.o
 .debug_ranges  0x00000ae8       0xe8 ..\obj\queue.o
 .debug_ranges  0x00000bd0      0x220 ..\obj\ff.o
 .debug_ranges  0x00000df0       0x28 ..\obj\ADC3_DMA.o
 .debug_ranges  0x00000e18       0x28 ..\obj\heap_1.o

.debug_line     0x00000000     0x6240
 .debug_line    0x00000000      0x11a ..\obj\unicode.o
 .debug_line    0x0000011a      0x3f7 ..\obj\stm32f4xx_usart.o
 .debug_line    0x00000511      0x312 ..\obj\diskio.o
 .debug_line    0x00000823       0x95 ..\obj\startup_stm32f4xx.o
 .debug_line    0x000008b8      0x531 ..\obj\main.o
 .debug_line    0x00000de9      0x167 ..\obj\Bluetooth.o
 .debug_line    0x00000f50      0x4e3 ..\obj\stm32f4xx_rcc.o
 .debug_line    0x00001433      0x301 ..\obj\timers.o
 .debug_line    0x00001734      0x1d0 ..\obj\init.o
 .debug_line    0x00001904      0x49c ..\obj\stm32f4xx_adc.o
 .debug_line    0x00001da0      0x215 ..\obj\Pi_comm.o
 .debug_line    0x00001fb5      0x23e ..\obj\GPS_parsing.o
 .debug_line    0x000021f3      0x367 ..\obj\tm_stm32f4_delay.o
 .debug_line    0x0000255a      0x9cc ..\obj\tasks.o
 .debug_line    0x00002f26       0xd4 ..\obj\syscall.o
 .debug_line    0x00002ffa      0x29e ..\obj\stm32f4xx_gpio.o
 .debug_line    0x00003298      0x180 ..\obj\list.o
 .debug_line    0x00003418      0x13a ..\obj\system_stm32f4xx.o
 .debug_line    0x00003552       0xfb ..\obj\syscalls.o
 .debug_line    0x0000364d      0x1b4 ..\obj\Accelerometer.o
 .debug_line    0x00003801      0x54a ..\obj\arducam.o
 .debug_line    0x00003d4b      0x2be ..\obj\port.o
 .debug_line    0x00004009      0x702 ..\obj\queue.o
 .debug_line    0x0000470b     0x1824 ..\obj\ff.o
 .debug_line    0x00005f2f      0x1c1 ..\obj\ADC3_DMA.o
 .debug_line    0x000060f0      0x150 ..\obj\heap_1.o

.debug_str      0x00000000     0x4a7e
 .debug_str     0x00000000      0x155 ..\obj\unicode.o
                                0x182 (size before relaxing)
 .debug_str     0x00000155      0x547 ..\obj\stm32f4xx_usart.o
                                0x662 (size before relaxing)
 .debug_str     0x0000069c      0x445 ..\obj\diskio.o
                                0x5fb (size before relaxing)
 .debug_str     0x00000ae1       0xae ..\obj\startup_stm32f4xx.o
                                0x16a (size before relaxing)
 .debug_str     0x00000b8f      0x54a ..\obj\main.o
                                0x7d5 (size before relaxing)
 .debug_str     0x000010d9      0x1eb ..\obj\Bluetooth.o
                                0x4b3 (size before relaxing)
 .debug_str     0x000012c4      0x5d0 ..\obj\stm32f4xx_rcc.o
                                0x823 (size before relaxing)
 .debug_str     0x00001894      0x448 ..\obj\timers.o
                                0x626 (size before relaxing)
 .debug_str     0x00001cdc       0x3b ..\obj\init.o
                                0x20e (size before relaxing)
 .debug_str     0x00001d17      0x626 ..\obj\stm32f4xx_adc.o
                                0x7d7 (size before relaxing)
 .debug_str     0x0000233d       0x7b ..\obj\Pi_comm.o
                                0x528 (size before relaxing)
 .debug_str     0x000023b8       0x8e ..\obj\GPS_parsing.o
                                0x59b (size before relaxing)
 .debug_str     0x00002446      0x7c8 ..\obj\tm_stm32f4_delay.o
                                0xa23 (size before relaxing)
 .debug_str     0x00002c0e      0x93c ..\obj\tasks.o
                                0xbbb (size before relaxing)
 .debug_str     0x0000354a       0x6e ..\obj\syscall.o
                                0x183 (size before relaxing)
 .debug_str     0x000035b8      0x181 ..\obj\stm32f4xx_gpio.o
                                0x476 (size before relaxing)
 .debug_str     0x00003739       0xbf ..\obj\list.o
                                0x2ab (size before relaxing)
 .debug_str     0x000037f8       0x9c ..\obj\system_stm32f4xx.o
                                0x37d (size before relaxing)
 .debug_str     0x00003894       0x57 ..\obj\syscalls.o
                                0x1ff (size before relaxing)
 .debug_str     0x000038eb       0x88 ..\obj\Accelerometer.o
                                0x476 (size before relaxing)
 .debug_str     0x00003973      0x371 ..\obj\arducam.o
                                0x7be (size before relaxing)
 .debug_str     0x00003ce4      0x241 ..\obj\port.o
                                0x40d (size before relaxing)
 .debug_str     0x00003f25      0x451 ..\obj\queue.o
                                0x729 (size before relaxing)
 .debug_str     0x00004376      0x417 ..\obj\ff.o
                                0x7c8 (size before relaxing)
 .debug_str     0x0000478d      0x231 ..\obj\ADC3_DMA.o
                                0x6df (size before relaxing)
 .debug_str     0x000049be       0xc0 ..\obj\heap_1.o
                                0x217 (size before relaxing)

.comment        0x00000000       0x6e
 .comment       0x00000000       0x6e ..\obj\unicode.o
                                 0x6f (size before relaxing)
 .comment       0x0000006e       0x6f ..\obj\stm32f4xx_usart.o
 .comment       0x0000006e       0x6f ..\obj\diskio.o
 .comment       0x0000006e       0x6f ..\obj\startup_stm32f4xx.o
 .comment       0x0000006e       0x6f ..\obj\main.o
 .comment       0x0000006e       0x6f ..\obj\Bluetooth.o
 .comment       0x0000006e       0x6f ..\obj\stm32f4xx_rcc.o
 .comment       0x0000006e       0x6f ..\obj\timers.o
 .comment       0x0000006e       0x6f ..\obj\init.o
 .comment       0x0000006e       0x6f ..\obj\stm32f4xx_adc.o
 .comment       0x0000006e       0x6f ..\obj\Pi_comm.o
 .comment       0x0000006e       0x6f ..\obj\GPS_parsing.o
 .comment       0x0000006e       0x6f ..\obj\tm_stm32f4_delay.o
 .comment       0x0000006e       0x6f ..\obj\tasks.o
 .comment       0x0000006e       0x6f ..\obj\syscall.o
 .comment       0x0000006e       0x6f ..\obj\stm32f4xx_gpio.o
 .comment       0x0000006e       0x6f ..\obj\list.o
 .comment       0x0000006e       0x6f ..\obj\system_stm32f4xx.o
 .comment       0x0000006e       0x6f ..\obj\syscalls.o
 .comment       0x0000006e       0x6f ..\obj\Accelerometer.o
 .comment       0x0000006e       0x6f ..\obj\arducam.o
 .comment       0x0000006e       0x6f ..\obj\port.o
 .comment       0x0000006e       0x6f ..\obj\queue.o
 .comment       0x0000006e       0x6f ..\obj\ff.o
 .comment       0x0000006e       0x6f ..\obj\ADC3_DMA.o
 .comment       0x0000006e       0x6f ..\obj\heap_1.o

.ARM.attributes
                0x00000000       0x35
 .ARM.attributes
                0x00000000       0x37 ..\obj\unicode.o
 .ARM.attributes
                0x00000037       0x37 ..\obj\stm32f4xx_usart.o
 .ARM.attributes
                0x0000006e       0x37 ..\obj\diskio.o
 .ARM.attributes
                0x000000a5       0x37 ..\obj\startup_stm32f4xx.o
 .ARM.attributes
                0x000000dc       0x37 ..\obj\main.o
 .ARM.attributes
                0x00000113       0x37 ..\obj\Bluetooth.o
 .ARM.attributes
                0x0000014a       0x37 ..\obj\stm32f4xx_rcc.o
 .ARM.attributes
                0x00000181       0x37 ..\obj\timers.o
 .ARM.attributes
                0x000001b8       0x37 ..\obj\init.o
 .ARM.attributes
                0x000001ef       0x37 ..\obj\stm32f4xx_adc.o
 .ARM.attributes
                0x00000226       0x37 ..\obj\Pi_comm.o
 .ARM.attributes
                0x0000025d       0x37 ..\obj\GPS_parsing.o
 .ARM.attributes
                0x00000294       0x37 ..\obj\tm_stm32f4_delay.o
 .ARM.attributes
                0x000002cb       0x37 ..\obj\tasks.o
 .ARM.attributes
                0x00000302       0x37 ..\obj\syscall.o
 .ARM.attributes
                0x00000339       0x37 ..\obj\stm32f4xx_gpio.o
 .ARM.attributes
                0x00000370       0x37 ..\obj\list.o
 .ARM.attributes
                0x000003a7       0x37 ..\obj\system_stm32f4xx.o
 .ARM.attributes
                0x000003de       0x37 ..\obj\syscalls.o
 .ARM.attributes
                0x00000415       0x37 ..\obj\Accelerometer.o
 .ARM.attributes
                0x0000044c       0x37 ..\obj\arducam.o
 .ARM.attributes
                0x00000483       0x37 ..\obj\port.o
 .ARM.attributes
                0x000004ba       0x37 ..\obj\queue.o
 .ARM.attributes
                0x000004f1       0x37 ..\obj\ff.o
 .ARM.attributes
                0x00000528       0x37 ..\obj\ADC3_DMA.o
 .ARM.attributes
                0x0000055f       0x37 ..\obj\heap_1.o
 .ARM.attributes
                0x00000596       0x1e c:/program files (x86)/gnu tools arm embedded/5.4 2016q3/bin/../lib/gcc/arm-none-eabi/5.4.1/armv7e-m\libgcc.a(_arm_addsubdf3.o)
 .ARM.attributes
                0x000005b4       0x1e c:/program files (x86)/gnu tools arm embedded/5.4 2016q3/bin/../lib/gcc/arm-none-eabi/5.4.1/armv7e-m\libgcc.a(_arm_muldivdf3.o)
 .ARM.attributes
                0x000005d2       0x1e c:/program files (x86)/gnu tools arm embedded/5.4 2016q3/bin/../lib/gcc/arm-none-eabi/5.4.1/armv7e-m\libgcc.a(_arm_fixunsdfsi.o)
 .ARM.attributes
                0x000005f0       0x1e c:/program files (x86)/gnu tools arm embedded/5.4 2016q3/bin/../lib/gcc/arm-none-eabi/5.4.1/armv7e-m\libgcc.a(_arm_truncdfsf2.o)
 .ARM.attributes
                0x0000060e       0x2e c:/program files (x86)/gnu tools arm embedded/5.4 2016q3/bin/../lib/gcc/arm-none-eabi/5.4.1/../../../../arm-none-eabi/lib/armv7e-m\libg.a(lib_a-atof.o)
 .ARM.attributes
                0x0000063c       0x2e c:/program files (x86)/gnu tools arm embedded/5.4 2016q3/bin/../lib/gcc/arm-none-eabi/5.4.1/../../../../arm-none-eabi/lib/armv7e-m\libg.a(lib_a-atol.o)
 .ARM.attributes
                0x0000066a       0x2e c:/program files (x86)/gnu tools arm embedded/5.4 2016q3/bin/../lib/gcc/arm-none-eabi/5.4.1/../../../../arm-none-eabi/lib/armv7e-m\libg.a(lib_a-malloc.o)
 .ARM.attributes
                0x00000698       0x2e c:/program files (x86)/gnu tools arm embedded/5.4 2016q3/bin/../lib/gcc/arm-none-eabi/5.4.1/../../../../arm-none-eabi/lib/armv7e-m\libg.a(lib_a-mallocr.o)
 .ARM.attributes
                0x000006c6       0x1c c:/program files (x86)/gnu tools arm embedded/5.4 2016q3/bin/../lib/gcc/arm-none-eabi/5.4.1/../../../../arm-none-eabi/lib/armv7e-m\libg.a(lib_a-memcpy.o)
 .ARM.attributes
                0x000006e2       0x2e c:/program files (x86)/gnu tools arm embedded/5.4 2016q3/bin/../lib/gcc/arm-none-eabi/5.4.1/../../../../arm-none-eabi/lib/armv7e-m\libg.a(lib_a-memset.o)
 .ARM.attributes
                0x00000710       0x2e c:/program files (x86)/gnu tools arm embedded/5.4 2016q3/bin/../lib/gcc/arm-none-eabi/5.4.1/../../../../arm-none-eabi/lib/armv7e-m\libg.a(lib_a-mlock.o)
 .ARM.attributes
                0x0000073e       0x2e c:/program files (x86)/gnu tools arm embedded/5.4 2016q3/bin/../lib/gcc/arm-none-eabi/5.4.1/../../../../arm-none-eabi/lib/armv7e-m\libg.a(lib_a-sbrkr.o)
 .ARM.attributes
                0x0000076c       0x2e c:/program files (x86)/gnu tools arm embedded/5.4 2016q3/bin/../lib/gcc/arm-none-eabi/5.4.1/../../../../arm-none-eabi/lib/armv7e-m\libg.a(lib_a-strchr.o)
 .ARM.attributes
                0x0000079a       0x1c c:/program files (x86)/gnu tools arm embedded/5.4 2016q3/bin/../lib/gcc/arm-none-eabi/5.4.1/../../../../arm-none-eabi/lib/armv7e-m\libg.a(lib_a-strlen.o)
 .ARM.attributes
                0x000007b6       0x2e c:/program files (x86)/gnu tools arm embedded/5.4 2016q3/bin/../lib/gcc/arm-none-eabi/5.4.1/../../../../arm-none-eabi/lib/armv7e-m\libg.a(lib_a-strncpy.o)
 .ARM.attributes
                0x000007e4       0x2e c:/program files (x86)/gnu tools arm embedded/5.4 2016q3/bin/../lib/gcc/arm-none-eabi/5.4.1/../../../../arm-none-eabi/lib/armv7e-m\libg.a(lib_a-strstr.o)
 .ARM.attributes
                0x00000812       0x2e c:/program files (x86)/gnu tools arm embedded/5.4 2016q3/bin/../lib/gcc/arm-none-eabi/5.4.1/../../../../arm-none-eabi/lib/armv7e-m\libg.a(lib_a-strtod.o)
 .ARM.attributes
                0x00000840       0x2e c:/program files (x86)/gnu tools arm embedded/5.4 2016q3/bin/../lib/gcc/arm-none-eabi/5.4.1/../../../../arm-none-eabi/lib/armv7e-m\libg.a(lib_a-strtol.o)
 .ARM.attributes
                0x0000086e       0x2e c:/program files (x86)/gnu tools arm embedded/5.4 2016q3/bin/../lib/gcc/arm-none-eabi/5.4.1/../../../../arm-none-eabi/lib/armv7e-m\libg.a(lib_a-freer.o)
 .ARM.attributes
                0x0000089c       0x2e c:/program files (x86)/gnu tools arm embedded/5.4 2016q3/bin/../lib/gcc/arm-none-eabi/5.4.1/../../../../arm-none-eabi/lib/armv7e-m\libg.a(lib_a-gdtoa-gethex.o)
 .ARM.attributes
                0x000008ca       0x2e c:/program files (x86)/gnu tools arm embedded/5.4 2016q3/bin/../lib/gcc/arm-none-eabi/5.4.1/../../../../arm-none-eabi/lib/armv7e-m\libg.a(lib_a-gdtoa-hexnan.o)
 .ARM.attributes
                0x000008f8       0x2e c:/program files (x86)/gnu tools arm embedded/5.4 2016q3/bin/../lib/gcc/arm-none-eabi/5.4.1/../../../../arm-none-eabi/lib/armv7e-m\libg.a(lib_a-impure.o)
 .ARM.attributes
                0x00000926       0x2e c:/program files (x86)/gnu tools arm embedded/5.4 2016q3/bin/../lib/gcc/arm-none-eabi/5.4.1/../../../../arm-none-eabi/lib/armv7e-m\libg.a(lib_a-locale.o)
 .ARM.attributes
                0x00000954       0x2e c:/program files (x86)/gnu tools arm embedded/5.4 2016q3/bin/../lib/gcc/arm-none-eabi/5.4.1/../../../../arm-none-eabi/lib/armv7e-m\libg.a(lib_a-localeconv.o)
 .ARM.attributes
                0x00000982       0x2e c:/program files (x86)/gnu tools arm embedded/5.4 2016q3/bin/../lib/gcc/arm-none-eabi/5.4.1/../../../../arm-none-eabi/lib/armv7e-m\libg.a(lib_a-mbtowc_r.o)
 .ARM.attributes
                0x000009b0       0x1c c:/program files (x86)/gnu tools arm embedded/5.4 2016q3/bin/../lib/gcc/arm-none-eabi/5.4.1/../../../../arm-none-eabi/lib/armv7e-m\libg.a(lib_a-memchr.o)
 .ARM.attributes
                0x000009cc       0x2e c:/program files (x86)/gnu tools arm embedded/5.4 2016q3/bin/../lib/gcc/arm-none-eabi/5.4.1/../../../../arm-none-eabi/lib/armv7e-m\libg.a(lib_a-memcmp.o)
 .ARM.attributes
                0x000009fa       0x2e c:/program files (x86)/gnu tools arm embedded/5.4 2016q3/bin/../lib/gcc/arm-none-eabi/5.4.1/../../../../arm-none-eabi/lib/armv7e-m\libg.a(lib_a-mprec.o)
 .ARM.attributes
                0x00000a28       0x2e c:/program files (x86)/gnu tools arm embedded/5.4 2016q3/bin/../lib/gcc/arm-none-eabi/5.4.1/../../../../arm-none-eabi/lib/armv7e-m\libg.a(lib_a-reent.o)
 .ARM.attributes
                0x00000a56       0x2e c:/program files (x86)/gnu tools arm embedded/5.4 2016q3/bin/../lib/gcc/arm-none-eabi/5.4.1/../../../../arm-none-eabi/lib/armv7e-m\libg.a(lib_a-strncmp.o)
 .ARM.attributes
                0x00000a84       0x2e c:/program files (x86)/gnu tools arm embedded/5.4 2016q3/bin/../lib/gcc/arm-none-eabi/5.4.1/../../../../arm-none-eabi/lib/armv7e-m\libg.a(lib_a-wctomb_r.o)
 .ARM.attributes
                0x00000ab2       0x2e c:/program files (x86)/gnu tools arm embedded/5.4 2016q3/bin/../lib/gcc/arm-none-eabi/5.4.1/../../../../arm-none-eabi/lib/armv7e-m\libg.a(lib_a-callocr.o)
 .ARM.attributes
                0x00000ae0       0x2e c:/program files (x86)/gnu tools arm embedded/5.4 2016q3/bin/../lib/gcc/arm-none-eabi/5.4.1/../../../../arm-none-eabi/lib/armv7e-m\libg.a(lib_a-ctype_.o)
 .ARM.attributes
                0x00000b0e       0x1e c:/program files (x86)/gnu tools arm embedded/5.4 2016q3/bin/../lib/gcc/arm-none-eabi/5.4.1/armv7e-m\libgcc.a(_arm_cmpdf2.o)
 .ARM.attributes
                0x00000b2c       0x1e c:/program files (x86)/gnu tools arm embedded/5.4 2016q3/bin/../lib/gcc/arm-none-eabi/5.4.1/armv7e-m\libgcc.a(_arm_fixdfsi.o)

.debug_frame    0x00000000     0x4a84
 .debug_frame   0x00000000       0x60 ..\obj\unicode.o
 .debug_frame   0x00000060      0x490 ..\obj\stm32f4xx_usart.o
 .debug_frame   0x000004f0      0x4a4 ..\obj\diskio.o
 .debug_frame   0x00000994       0x4c ..\obj\startup_stm32f4xx.o
 .debug_frame   0x000009e0      0x22c ..\obj\main.o
 .debug_frame   0x00000c0c       0x58 ..\obj\Bluetooth.o
 .debug_frame   0x00000c64      0x6d4 ..\obj\stm32f4xx_rcc.o
 .debug_frame   0x00001338      0x20c ..\obj\timers.o
 .debug_frame   0x00001544       0x7c ..\obj\init.o
 .debug_frame   0x000015c0      0x5ec ..\obj\stm32f4xx_adc.o
 .debug_frame   0x00001bac       0xc4 ..\obj\Pi_comm.o
 .debug_frame   0x00001c70       0x84 ..\obj\GPS_parsing.o
 .debug_frame   0x00001cf4      0x23c ..\obj\tm_stm32f4_delay.o
 .debug_frame   0x00001f30      0x670 ..\obj\tasks.o
 .debug_frame   0x000025a0       0x58 ..\obj\syscall.o
 .debug_frame   0x000025f8      0x23c ..\obj\stm32f4xx_gpio.o
 .debug_frame   0x00002834       0xd8 ..\obj\list.o
 .debug_frame   0x0000290c       0x7c ..\obj\system_stm32f4xx.o
 .debug_frame   0x00002988      0x140 ..\obj\syscalls.o
 .debug_frame   0x00002ac8       0xc4 ..\obj\Accelerometer.o
 .debug_frame   0x00002b8c      0x398 ..\obj\arducam.o
 .debug_frame   0x00002f24      0x190 ..\obj\port.o
 .debug_frame   0x000030b4      0x41c ..\obj\queue.o
 .debug_frame   0x000034d0      0xa10 ..\obj\ff.o
 .debug_frame   0x00003ee0       0x94 ..\obj\ADC3_DMA.o
 .debug_frame   0x00003f74       0x98 ..\obj\heap_1.o
 .debug_frame   0x0000400c       0x20 c:/program files (x86)/gnu tools arm embedded/5.4 2016q3/bin/../lib/gcc/arm-none-eabi/5.4.1/../../../../arm-none-eabi/lib/armv7e-m\libg.a(lib_a-atof.o)
 .debug_frame   0x0000402c       0x30 c:/program files (x86)/gnu tools arm embedded/5.4 2016q3/bin/../lib/gcc/arm-none-eabi/5.4.1/../../../../arm-none-eabi/lib/armv7e-m\libg.a(lib_a-atol.o)
 .debug_frame   0x0000405c       0x30 c:/program files (x86)/gnu tools arm embedded/5.4 2016q3/bin/../lib/gcc/arm-none-eabi/5.4.1/../../../../arm-none-eabi/lib/armv7e-m\libg.a(lib_a-malloc.o)
 .debug_frame   0x0000408c       0x58 c:/program files (x86)/gnu tools arm embedded/5.4 2016q3/bin/../lib/gcc/arm-none-eabi/5.4.1/../../../../arm-none-eabi/lib/armv7e-m\libg.a(lib_a-mallocr.o)
 .debug_frame   0x000040e4       0x34 c:/program files (x86)/gnu tools arm embedded/5.4 2016q3/bin/../lib/gcc/arm-none-eabi/5.4.1/../../../../arm-none-eabi/lib/armv7e-m\libg.a(lib_a-memset.o)
 .debug_frame   0x00004118       0x30 c:/program files (x86)/gnu tools arm embedded/5.4 2016q3/bin/../lib/gcc/arm-none-eabi/5.4.1/../../../../arm-none-eabi/lib/armv7e-m\libg.a(lib_a-mlock.o)
 .debug_frame   0x00004148       0x2c c:/program files (x86)/gnu tools arm embedded/5.4 2016q3/bin/../lib/gcc/arm-none-eabi/5.4.1/../../../../arm-none-eabi/lib/armv7e-m\libg.a(lib_a-sbrkr.o)
 .debug_frame   0x00004174       0x4c c:/program files (x86)/gnu tools arm embedded/5.4 2016q3/bin/../lib/gcc/arm-none-eabi/5.4.1/../../../../arm-none-eabi/lib/armv7e-m\libg.a(lib_a-strchr.o)
 .debug_frame   0x000041c0       0x34 c:/program files (x86)/gnu tools arm embedded/5.4 2016q3/bin/../lib/gcc/arm-none-eabi/5.4.1/../../../../arm-none-eabi/lib/armv7e-m\libg.a(lib_a-strncpy.o)
 .debug_frame   0x000041f4       0xd8 c:/program files (x86)/gnu tools arm embedded/5.4 2016q3/bin/../lib/gcc/arm-none-eabi/5.4.1/../../../../arm-none-eabi/lib/armv7e-m\libg.a(lib_a-strstr.o)
 .debug_frame   0x000042cc       0xfc c:/program files (x86)/gnu tools arm embedded/5.4 2016q3/bin/../lib/gcc/arm-none-eabi/5.4.1/../../../../arm-none-eabi/lib/armv7e-m\libg.a(lib_a-strtod.o)
 .debug_frame   0x000043c8       0x98 c:/program files (x86)/gnu tools arm embedded/5.4 2016q3/bin/../lib/gcc/arm-none-eabi/5.4.1/../../../../arm-none-eabi/lib/armv7e-m\libg.a(lib_a-strtol.o)
 .debug_frame   0x00004460       0x74 c:/program files (x86)/gnu tools arm embedded/5.4 2016q3/bin/../lib/gcc/arm-none-eabi/5.4.1/../../../../arm-none-eabi/lib/armv7e-m\libg.a(lib_a-freer.o)
 .debug_frame   0x000044d4       0x84 c:/program files (x86)/gnu tools arm embedded/5.4 2016q3/bin/../lib/gcc/arm-none-eabi/5.4.1/../../../../arm-none-eabi/lib/armv7e-m\libg.a(lib_a-gdtoa-gethex.o)
 .debug_frame   0x00004558       0x70 c:/program files (x86)/gnu tools arm embedded/5.4 2016q3/bin/../lib/gcc/arm-none-eabi/5.4.1/../../../../arm-none-eabi/lib/armv7e-m\libg.a(lib_a-gdtoa-hexnan.o)
 .debug_frame   0x000045c8       0x84 c:/program files (x86)/gnu tools arm embedded/5.4 2016q3/bin/../lib/gcc/arm-none-eabi/5.4.1/../../../../arm-none-eabi/lib/armv7e-m\libg.a(lib_a-locale.o)
 .debug_frame   0x0000464c       0x40 c:/program files (x86)/gnu tools arm embedded/5.4 2016q3/bin/../lib/gcc/arm-none-eabi/5.4.1/../../../../arm-none-eabi/lib/armv7e-m\libg.a(lib_a-localeconv.o)
 .debug_frame   0x0000468c       0x4c c:/program files (x86)/gnu tools arm embedded/5.4 2016q3/bin/../lib/gcc/arm-none-eabi/5.4.1/../../../../arm-none-eabi/lib/armv7e-m\libg.a(lib_a-mbtowc_r.o)
 .debug_frame   0x000046d8       0x38 c:/program files (x86)/gnu tools arm embedded/5.4 2016q3/bin/../lib/gcc/arm-none-eabi/5.4.1/../../../../arm-none-eabi/lib/armv7e-m\libg.a(lib_a-memcmp.o)
 .debug_frame   0x00004710      0x264 c:/program files (x86)/gnu tools arm embedded/5.4 2016q3/bin/../lib/gcc/arm-none-eabi/5.4.1/../../../../arm-none-eabi/lib/armv7e-m\libg.a(lib_a-mprec.o)
 .debug_frame   0x00004974       0x58 c:/program files (x86)/gnu tools arm embedded/5.4 2016q3/bin/../lib/gcc/arm-none-eabi/5.4.1/../../../../arm-none-eabi/lib/armv7e-m\libg.a(lib_a-reent.o)
 .debug_frame   0x000049cc       0x54 c:/program files (x86)/gnu tools arm embedded/5.4 2016q3/bin/../lib/gcc/arm-none-eabi/5.4.1/../../../../arm-none-eabi/lib/armv7e-m\libg.a(lib_a-strncmp.o)
 .debug_frame   0x00004a20       0x3c c:/program files (x86)/gnu tools arm embedded/5.4 2016q3/bin/../lib/gcc/arm-none-eabi/5.4.1/../../../../arm-none-eabi/lib/armv7e-m\libg.a(lib_a-wctomb_r.o)
 .debug_frame   0x00004a5c       0x28 c:/program files (x86)/gnu tools arm embedded/5.4 2016q3/bin/../lib/gcc/arm-none-eabi/5.4.1/../../../../arm-none-eabi/lib/armv7e-m\libg.a(lib_a-callocr.o)
